12.23 14:29:35 saso liblogging-stdlog: 
12.23 15:38:09 saso kernel: [4417.092128] wlp6s0: disconnect from AP 
12.23 15:38:19 francesco kernel: [4417.095145] wlp6s0: authenticate with dc:fb:02:e7:e0:20
12.23 15:38:24 francesco kernel: [4417.096711] wlp6s0: send auth to dc:fb:02:e7:e0:20 (try 1/3)
12.23 15:38:09 francesco NetworkManager[472]: <info> [1577111889.2661] device (wlp6s0): supplicant interface state: completed -> authenticating
12.23 15:38:09 francesco kernel: [4417.098494] wlp6s0: authenticated
12.23 15:38:09 francesco NetworkManager[472]: <info> [1577111889.2728] device (wlp6s0): supplicant interface state: authenticating -> associating
12.23 15:38:09 francesco kernel: [4417.104512] wlp6s0: associate with dc:fb:02:e7:e0:20 (try 1/3)
12.23 15:38:09 francesco kernel: [4417.108388] wlp6s0: RX AssocResp from dc:fb:02:e7:e0:20 (capab=0x1411 status=0 aid=1)
12.23 15:38:09 francesco kernel: [4417.109340] wlp6s0: associated
12.23 15:38:09 saso NetworkManager[472]: <info> [1577111889.2853] memory (wlp6s0): 
12.23 15:38:09 francesco NetworkManager[472]: <info> [1577111889.2904] device (wlp6s0): supplicant interface state: associated -> 4-way handshake
12.23 15:38:09 francesco NetworkManager[472]: <info> [1577111889.3114] device (wlp6s0): supplicant interface state: 4-way handshake -> completed
12.23 15:40:09 francesco kernel: [4537.048702] wlp6s0: disconnect from AP dc:fb:02:e7:e0:20 for new auth to dc:fb:02:e7:e0:2c
12.23 15:40:09 francesco kernel: [4537.051682] wlp6s0: authenticate with dc:fb:02:e7:e0:2c
12.23 15:40:09 francesco kernel: [4537.054364] wlp6s0: send auth to dc:fb:02:e7:e0:2c (try 1/3)
12.23 15:40:09 francesco NetworkManager[472]: <info> [1577112009.2275] device (wlp6s0): supplicant interface state: completed -> authenticating
12.23 15:40:09 francesco kernel: [4537.054929] wlp6s0: authenticated
12.23 15:40:09 francesco kernel: [4537.058564] wlp6s0: associate with dc:fb:02:e7:e0:2c (try 1/3)
12.23 15:40:09 francesco kernel: [4537.059431] wlp6s0: RX AssocResp from dc:fb:02:e7:e0:2c (capab=0x1011 status=0 aid=1)
12.23 15:40:09 francesco kernel: [4537.060672] wlp6s0: associated
12.23 15:40:09 francesco NetworkManager[472]: <info> [1577112009.2343] device (wlp6s0): supplicant interface state: authenticating -> associating
12.23 15:40:09 francesco NetworkManager[472]: <info> [1577112009.2377] device (wlp6s0): supplicant interface state: associating -> associated
12.23 15:40:09 francesco NetworkManager[472]: <info> [1577112009.2436] device (wlp6s0): supplicant interface state: associated -> completed
12.23 16:50:09 francesco kernel: [8737.083606] wlp6s0: disconnect from AP dc:fb:02:e7:e0:2c for new auth to dc:fb:02:e7:e0:20
12.23 16:50:09 francesco kernel: [8737.094940] wlp6s0: authenticate with dc:fb:02:e7:e0:20
12.23 16:50:09 francesco kernel: [8737.097323] wlp6s0: send auth to dc:fb:02:e7:e0:20 (try 1/3)
12.23 16:50:09 francesco NetworkManager[472]: <info> [1577116209.3741] device (wlp6s0): supplicant interface state: completed -> authenticating
12.23 16:50:09 francesco kernel: [8737.099155] wlp6s0: authenticated
12.23 16:50:09 francesco NetworkManager[472]: <info> [1577116209.3804] device (wlp6s0): supplicant interface state: authenticating -> associating
12.23 16:50:09 francesco kernel: [8737.105679] wlp6s0: associate with dc:fb:02:e7:e0:20 (try 1/3)
12.23 16:50:09 francesco kernel: [8737.111167] wlp6s0: RX AssocResp from dc:fb:02:e7:e0:20 (capab=0x1411 status=0 aid=1)
12.23 16:50:09 francesco kernel: [8737.112126] wlp6s0: associated
12.23 16:50:09 francesco NetworkManager[472]: <info> [1577116209.3944] device (wlp6s0): supplicant interface state: associating -> associated
12.23 16:50:09 francesco NetworkManager[472]: <info> [1577116209.4003] device (wlp6s0): supplicant interface state: associated -> 4-way handshake
12.23 16:50:09 francesco NetworkManager[472]: <info> [1577116209.4122] device (wlp6s0): supplicant interface state: 4-way handshake -> completed
12.23 17:14:09 francesco kernel: [10177.176787] wlp6s0: disconnect from AP dc:fb:02:e7:e0:20 for new auth to dc:fb:02:e7:e0:2c
12.23 17:14:09 francesco kernel: [10177.187701] wlp6s0: authenticate with dc:fb:02:e7:e0:2c
12.23 17:14:09 francesco kernel: [10177.190454] wlp6s0: send auth to dc:fb:02:e7:e0:2c (try 1/3)
12.23 17:14:09 francesco NetworkManager[472]: <info> [1577117649.4965] device (wlp6s0): supplicant interface state: completed -> authenticating
12.23 17:14:09 francesco kernel: [10177.191142] wlp6s0: authenticated
12.23 17:14:09 francesco kernel: [10177.192429] wlp6s0: associate with dc:fb:02:e7:e0:2c (try 1/3)
12.23 17:14:09 francesco kernel: [10177.193287] wlp6s0: RX AssocResp from dc:fb:02:e7:e0:2c (capab=0x1011 status=0 aid=1)
12.23 17:14:09 francesco NetworkManager[472]: <info> [1577117649.5016] device (wlp6s0): supplicant interface state: authenticating -> associating
12.23 17:14:09 francesco kernel: [10177.200882] wlp6s0: associated
12.23 17:14:09 francesco NetworkManager[472]: <info> [1577117649.5131] device (wlp6s0): supplicant interface state: associating -> 4-way handshake
12.23 17:14:09 francesco NetworkManager[472]: <info> [1577117649.5214] device (wlp6s0): supplicant interface state: 4-way handshake -> completed
12.23 17:28:19 francesco kernel: [11027.116888] perf: interrupt took too long (2505 > 2500), lowering kernel.perf_event_max_sample_rate to 79750
12.23 18:44:41 francesco kernel: [15609.443708] perf: interrupt took too long (3156 > 3131), lowering kernel.perf_event_max_sample_rate to 63250
12.23 19:01:22 francesco kernel: [0.000000] Linux version 4.9.0-11-amd64 (debian-kernel@lists.debian.org) (gcc version 6.3.0 20170516 (Debian 6.3.0-18+deb9u1) ) #1 SMP Debian 4.9.189-3+deb9u2 (2019-11-11)
12.23 19:01:22 francesco kernel: [0.000000] Command line: BOOT_IMAGE=/boot/vmlinuz-4.9.0-11-amd64 root=UUID=58651b95-d617-4658-b9ea-cbef4b5105bc ro quiet
12.23 19:01:22 francesco kernel: [0.000000] x86/fpu: Supporting XSAVE feature 0x001: 'x87 floating point registers'
12.23 19:01:22 francesco kernel: [0.000000] x86/fpu: Supporting XSAVE feature 0x002: 'SSE registers'
12.23 19:01:22 francesco kernel: [0.000000] x86/fpu: Supporting XSAVE feature 0x004: 'AVX registers'
12.23 19:01:22 francesco kernel: [0.000000] x86/fpu: xstate_offset[2]: 576, xstate_sizes[2]: 256
12.23 19:01:22 francesco kernel: [0.000000] x86/fpu: Enabled xstate features 0x7, context size is 832 bytes, using 'standard' format.
12.23 19:01:22 francesco kernel: [0.000000] e820: BIOS-provided physical RAM map:
12.23 19:01:22 francesco kernel: [0.000000] BIOS-e820: [mem 0x0000000000000000-0x00000000000917ff] usable
12.23 19:01:22 francesco kernel: [0.000000] BIOS-e820: [mem 0x0000000000091800-0x000000000009ffff] reserved
12.23 19:01:22 francesco kernel: [0.000000] BIOS-e820: [mem 0x00000000000e0000-0x00000000000fffff] reserved
12.23 19:01:22 francesco kernel: [0.000000] BIOS-e820: [mem 0x0000000000100000-0x00000000b5d5bfff] usable
12.23 19:01:22 francesco kernel: [0.000000] BIOS-e820: [mem 0x00000000b5d5c000-0x00000000b5d62fff] ACPI NVS
12.23 19:01:22 francesco kernel: [0.000000] BIOS-e820: [mem 0x00000000b5d63000-0x00000000b61a0fff] usable
12.23 19:01:22 francesco kernel: [0.000000] BIOS-e820: [mem 0x00000000b61a1000-0x00000000b67bcfff] reserved
12.23 19:01:22 francesco kernel: [0.000000] BIOS-e820: [mem 0x00000000b67bd000-0x00000000ca795fff] usable
12.23 19:01:22 francesco kernel: [0.000000] BIOS-e820: [mem 0x00000000ca796000-0x00000000cab48fff] reserved
12.23 19:01:22 francesco kernel: [0.000000] BIOS-e820: [mem 0x00000000cab49000-0x00000000cab69fff] ACPI data
12.23 19:01:22 francesco kernel: [0.000000] BIOS-e820: [mem 0x00000000cab6a000-0x00000000cb53efff] ACPI NVS
12.23 19:01:22 francesco kernel: [0.000000] BIOS-e820: [mem 0x00000000cb53f000-0x00000000cbffefff] reserved
12.23 19:01:22 francesco kernel: [0.000000] BIOS-e820: [mem 0x00000000cbfff000-0x00000000cbffffff] usable
12.23 19:01:22 francesco kernel: [0.000000] BIOS-e820: [mem 0x00000000cd000000-0x00000000cf1fffff] reserved
12.23 19:01:22 francesco kernel: [0.000000] BIOS-e820: [mem 0x00000000f8000000-0x00000000fbffffff] reserved
12.23 19:01:22 francesco kernel: [0.000000] BIOS-e820: [mem 0x00000000fec00000-0x00000000fec00fff] reserved
12.23 19:01:22 francesco kernel: [0.000000] BIOS-e820: [mem 0x00000000fed00000-0x00000000fed03fff] reserved
12.23 19:01:22 francesco kernel: [0.000000] BIOS-e820: [mem 0x00000000fed1c000-0x00000000fed1ffff] reserved
12.23 19:01:22 francesco kernel: [0.000000] BIOS-e820: [mem 0x00000000fee00000-0x00000000fee00fff] reserved
12.23 19:01:22 francesco kernel: [0.000000] BIOS-e820: [mem 0x00000000ff000000-0x00000000ffffffff] reserved
12.23 19:01:22 francesco kernel: [0.000000] BIOS-e820: [mem 0x0000000100000000-0x000000042fdfffff] usable
12.23 19:01:22 francesco mtp-probe: checking bus 3, device 2: "/sys/devices/pci0000:00/0000:00:14.0/usb3/3-6"
12.23 19:01:22 francesco kernel: [0.000000] NX (Execute Disable) protection: active
12.23 19:01:22 francesco kernel: [0.000000] SMBIOS 2.7 present.
12.23 19:01:22 francesco mtp-probe: bus: 3, device: 2 was not an MTP device
12.23 19:01:22 francesco kernel: [0.000000] e820: last_pfn = 0x42fe00 max_arch_pfn = 0x400000000
12.23 19:01:22 francesco kernel: [0.000000] x86/PAT: Configuration [0-7]: WB WC UC- UC WB WC UC- WT 
12.23 19:01:22 francesco kernel: [0.000000] e820: last_pfn = 0xcc000 max_arch_pfn = 0x400000000
12.23 19:01:22 francesco kernel: [0.000000] found SMP MP-table at [mem 0x000fda40-0x000fda4f] mapped at [ffff88fb400fda40]
12.23 19:01:22 francesco kernel: [0.000000] Using GB pages for direct mapping
12.23 19:01:22 francesco kernel: [0.000000] RAMDISK: [mem 0x35a85000-0x36d39fff]
12.23 19:01:22 francesco kernel: [0.000000] ACPI: Early table checksum verification disabled
12.23 19:01:22 francesco kernel: [0.000000] ACPI: RSDP 0x00000000000F0490 000024 (v02 DELL )
12.23 19:01:22 francesco kernel: [0.000000] ACPI: XSDT 0x00000000CAB4F0A0 0000C4 (v01 DELL CL09 01072009 AMI 00010013)
12.23 19:01:22 francesco kernel: [0.000000] ACPI: FACP 0x00000000CAB5CF28 00010C (v05 DELL CL09 01072009 AMI 00010013)
12.23 19:01:22 francesco kernel: [0.000000] ACPI: DSDT 0x00000000CAB4F1F8 00DD2E (v02 DELL CL09 00000000 INTL 20120711)
12.23 19:01:22 francesco kernel: [0.000000] ACPI: FACS 0x00000000CB538080 000040
12.23 19:01:22 francesco kernel: [0.000000] ACPI: APIC 0x00000000CAB5D038 000092 (v03 DELL CL09 01072009 AMI 00010013)
12.23 19:01:22 francesco kernel: [0.000000] ACPI: FPDT 0x00000000CAB5D0D0 000044 (v01 DELL CL09 01072009 AMI 00010013)
12.23 19:01:22 francesco kernel: [0.000000] ACPI: SSDT 0x00000000CAB5D118 000C9A (v01 TrmRef PtidDevc 00001000 INTL 20091112)
12.23 19:01:22 francesco kernel: [0.000000] ACPI: SSDT 0x00000000CAB5DDB8 000228 (v01 INTEL sensrhub 00000000 INTL 20120711)
12.23 19:01:22 francesco kernel: [0.000000] ACPI: SLIC 0x00000000CAB5DFE0 000176 (v01 DELL CL09 01072009 AMI 00010013)
12.23 19:01:22 francesco kernel: [0.000000] ACPI: SSDT 0x00000000CAB5E158 000539 (v01 PmRef Cpu0Ist 00003000 INTL 20120711)
12.23 19:01:22 francesco kernel: [0.000000] ACPI: SSDT 0x00000000CAB5E698 000AD8 (v01 PmRef CpuPm 00003000 INTL 20120711)
12.23 19:01:22 francesco kernel: [0.000000] ACPI: SSDT 0x00000000CAB5F170 0002DE (v01 PmRef Cpu0Tst 00003000 INTL 20120711)
12.23 19:01:22 francesco kernel: [0.000000] ACPI: SSDT 0x00000000CAB5F450 000348 (v01 PmRef ApTst 00003000 INTL 20120711)
12.23 19:01:22 francesco kernel: [0.000000] ACPI: MCFG 0x00000000CAB5F798 00003C (v01 DELL CL09 01072009 MSFT 00000097)
12.23 19:01:22 francesco kernel: [0.000000] ACPI: SSDT 0x00000000CAB5F7D8 004F7F (v01 DptfTa DptfTabl 00001000 INTL 20120711)
12.23 19:01:22 francesco kernel: [0.000000] ACPI: HPET 0x00000000CAB64758 000038 (v01 DELL CL09 01072009 AMI. 00000005)
12.23 19:01:22 francesco kernel: [0.000000] ACPI: SSDT 0x00000000CAB64790 0003AA (v01 SataRe SataTabl 00001000 INTL 20120711)
12.23 19:01:22 francesco kernel: [0.000000] ACPI: SSDT 0x00000000CAB64B40 002B6D (v01 SaSsdt SaSsdt 00003000 INTL 20091112)
12.23 19:01:22 francesco kernel: [0.000000] ACPI: SSDT 0x00000000CAB676B0 000D7C (v01 SgRef SgPeg 00001000 INTL 20120711)
12.23 19:01:22 francesco kernel: [0.000000] ACPI: MSDM 0x00000000CAB68430 000055 (v03 DELL CL09 01072009 AMI 00010013)
12.23 19:01:22 francesco kernel: [0.000000] ACPI: DMAR 0x00000000CAB68488 0000B8 (v01 INTEL HSW 00000001 INTL 00000001)
12.23 19:01:22 francesco kernel: [0.000000] ACPI: SSDT 0x00000000CAB68540 00123B (v01 OptRef OptTabl 00001000 INTL 20120711)
12.23 19:01:22 francesco kernel: [0.000000] ACPI: SSDT 0x00000000CAB69780 00035A (v01 Intel_ IsctTabl 00001000 INTL 20091112)
12.23 19:01:22 francesco kernel: [0.000000] No NUMA configuration found
12.23 19:01:22 francesco kernel: [0.000000] Faking a node at [mem 0x0000000000000000-0x000000042fdfffff]
12.23 19:01:22 francesco kernel: [0.000000] NODE_DATA(0) allocated [mem 0x42fdf9000-0x42fdfdfff]
12.23 19:01:22 francesco kernel: [0.000000] Zone ranges:
12.23 19:01:22 francesco kernel: [0.000000] DMA [mem 0x0000000000001000-0x0000000000ffffff]
12.23 19:01:22 francesco kernel: [0.000000] DMA32 [mem 0x0000000001000000-0x00000000ffffffff]
12.23 19:01:22 francesco kernel: [0.000000] Normal [mem 0x0000000100000000-0x000000042fdfffff]
12.23 19:01:22 francesco kernel: [0.000000] Device empty
12.23 19:01:22 francesco kernel: [0.000000] Movable zone start for each node
12.23 19:01:22 francesco kernel: [0.000000] Early memory node ranges
12.23 19:01:22 francesco kernel: [0.000000] node 0: [mem 0x0000000000001000-0x0000000000090fff]
12.23 19:01:22 francesco kernel: [0.000000] node 0: [mem 0x0000000000100000-0x00000000b5d5bfff]
12.23 19:01:22 francesco liblogging-stdlog: [origin software="rsyslogd" swVersion="8.24.0" x-pid="465" x-info="http://www.rsyslog.com"] start
12.23 19:01:22 francesco kernel: [0.000000] node 0: [mem 0x00000000b5d63000-0x00000000b61a0fff]
12.23 19:01:22 francesco kernel: [0.000000] node 0: [mem 0x00000000b67bd000-0x00000000ca795fff]
12.23 19:01:22 francesco kernel: [0.000000] node 0: [mem 0x00000000cbfff000-0x00000000cbffffff]
12.23 19:01:22 francesco kernel: [0.000000] node 0: [mem 0x0000000100000000-0x000000042fdfffff]
12.23 19:01:22 francesco kernel: [0.000000] Initmem setup node 0 [mem 0x0000000000001000-0x000000042fdfffff]
12.23 19:01:22 francesco kernel: [0.000000] Reserving Intel graphics memory at 0x00000000cd200000-0x00000000cf1fffff
12.23 19:01:22 francesco kernel: [0.000000] ACPI: PM-Timer IO Port: 0x1808
12.23 19:01:22 francesco kernel: [0.000000] ACPI: LAPIC_NMI (acpi_id[0xff] high edge lint[0x1])
12.23 19:01:22 francesco kernel: [0.000000] IOAPIC[0]: apic_id 8, version 32, address 0xfec00000, GSI 0-23
12.23 19:01:22 francesco kernel: [0.000000] ACPI: INT_SRC_OVR (bus 0 bus_irq 0 global_irq 2 dfl dfl)
12.23 19:01:22 francesco kernel: [0.000000] ACPI: INT_SRC_OVR (bus 0 bus_irq 9 global_irq 9 high level)
12.23 19:01:22 francesco kernel: [0.000000] Using ACPI (MADT) for SMP configuration information
12.23 19:01:22 francesco kernel: [0.000000] ACPI: HPET id: 0x8086a701 base: 0xfed00000
12.23 19:01:22 francesco kernel: [0.000000] smpboot: Allowing 8 CPUs, 0 hotplug CPUs
12.23 19:01:22 francesco kernel: [0.000000] PM: Registered nosave memory: [mem 0x00000000-0x00000fff]
12.23 19:01:22 francesco kernel: [0.000000] PM: Registered nosave memory: [mem 0x00091000-0x00091fff]
12.23 19:01:22 francesco kernel: [0.000000] PM: Registered nosave memory: [mem 0x00092000-0x0009ffff]
12.23 19:01:22 francesco kernel: [0.000000] PM: Registered nosave memory: [mem 0x000a0000-0x000dffff]
12.23 19:01:22 francesco kernel: [0.000000] PM: Registered nosave memory: [mem 0x000e0000-0x000fffff]
12.23 19:01:22 francesco kernel: [0.000000] PM: Registered nosave memory: [mem 0xb5d5c000-0xb5d62fff]
12.23 19:01:22 francesco kernel: [0.000000] PM: Registered nosave memory: [mem 0xb61a1000-0xb67bcfff]
12.23 19:01:22 francesco kernel: [0.000000] PM: Registered nosave memory: [mem 0xca796000-0xcab48fff]
12.23 19:01:22 francesco kernel: [0.000000] PM: Registered nosave memory: [mem 0xcab49000-0xcab69fff]
12.23 19:01:22 francesco kernel: [0.000000] PM: Registered nosave memory: [mem 0xcab6a000-0xcb53efff]
12.23 19:01:22 francesco kernel: [0.000000] PM: Registered nosave memory: [mem 0xcb53f000-0xcbffefff]
12.23 19:01:22 francesco kernel: [0.000000] PM: Registered nosave memory: [mem 0xcc000000-0xccffffff]
12.23 19:01:22 francesco kernel: [0.000000] PM: Registered nosave memory: [mem 0xcd000000-0xcf1fffff]
12.23 19:01:22 francesco kernel: [0.000000] PM: Registered nosave memory: [mem 0xcf200000-0xf7ffffff]
12.23 19:01:22 francesco kernel: [0.000000] PM: Registered nosave memory: [mem 0xf8000000-0xfbffffff]
12.23 19:01:22 francesco kernel: [0.000000] PM: Registered nosave memory: [mem 0xfc000000-0xfebfffff]
12.23 19:01:22 francesco kernel: [0.000000] PM: Registered nosave memory: [mem 0xfec00000-0xfec00fff]
12.23 19:01:22 francesco kernel: [0.000000] PM: Registered nosave memory: [mem 0xfec01000-0xfecfffff]
12.23 19:01:22 francesco kernel: [0.000000] PM: Registered nosave memory: [mem 0xfed00000-0xfed03fff]
12.23 19:01:22 francesco kernel: [0.000000] PM: Registered nosave memory: [mem 0xfed04000-0xfed1bfff]
12.23 19:01:22 francesco kernel: [0.000000] PM: Registered nosave memory: [mem 0xfed1c000-0xfed1ffff]
12.23 19:01:22 francesco kernel: [0.000000] PM: Registered nosave memory: [mem 0xfed20000-0xfedfffff]
12.23 19:01:22 francesco kernel: [0.000000] PM: Registered nosave memory: [mem 0xfee00000-0xfee00fff]
12.23 19:01:22 francesco kernel: [0.000000] PM: Registered nosave memory: [mem 0xfee01000-0xfeffffff]
12.23 19:01:22 francesco kernel: [0.000000] PM: Registered nosave memory: [mem 0xff000000-0xffffffff]
12.23 19:01:22 francesco kernel: [0.000000] e820: [mem 0xcf200000-0xf7ffffff] available for PCI devices
12.23 19:01:22 francesco kernel: [0.000000] Booting paravirtualized kernel on bare hardware
12.23 19:01:22 francesco kernel: [0.000000] clocksource: refined-jiffies: mask: 0xffffffff max_cycles: 0xffffffff, max_idle_ns: 7645519600211568 ns
12.23 19:01:22 francesco kernel: [0.000000] setup_percpu: NR_CPUS:512 nr_cpumask_bits:512 nr_cpu_ids:8 nr_node_ids:1
12.23 19:01:22 francesco kernel: [0.000000] percpu: Embedded 35 pages/cpu s105304 r8192 d29864 u262144
12.23 19:01:22 francesco kernel: [0.000000] Built 1 zonelists in Node order, mobility grouping on. Total pages: 4104305
12.23 19:01:22 francesco kernel: [0.000000] Policy zone: Normal
12.23 19:01:22 francesco kernel: [0.000000] Kernel command line: BOOT_IMAGE=/boot/vmlinuz-4.9.0-11-amd64 root=UUID=58651b95-d617-4658-b9ea-cbef4b5105bc ro quiet
12.23 19:01:22 francesco kernel: [0.000000] PID hash table entries: 4096 (order: 3, 32768 bytes)
12.23 19:01:22 francesco kernel: [0.000000] Memory: 16313736K/16677904K available (6288K kernel code, 1162K rwdata, 2880K rodata, 1424K init, 656K bss, 364168K reserved, 0K cma-reserved)
12.23 19:01:22 francesco kernel: [0.000000] Kernel/User page tables isolation: enabled
12.23 19:01:22 francesco kernel: [0.000000] Hierarchical RCU implementation.
12.23 19:01:22 francesco kernel: [0.000000] Build-time adjustment of leaf fanout to 64.
12.23 19:01:22 francesco kernel: [0.000000] RCU restricting CPUs from NR_CPUS=512 to nr_cpu_ids=8.
12.23 19:01:22 francesco kernel: [0.000000] RCU: Adjusting geometry for rcu_fanout_leaf=64, nr_cpu_ids=8
12.23 19:01:22 francesco kernel: [0.000000] NR_IRQS:33024 nr_irqs:488 16
12.23 19:01:22 francesco kernel: [0.000000] Console: colour VGA+ 80x25
12.23 19:01:22 francesco kernel: [0.000000] console [tty0] enabled
12.23 19:01:22 francesco kernel: [0.000000] clocksource: hpet: mask: 0xffffffff max_cycles: 0xffffffff, max_idle_ns: 133484882848 ns
12.23 19:01:22 francesco kernel: [0.000000] tsc: Fast TSC calibration using PIT
12.23 19:01:22 francesco kernel: [0.000000] tsc: Detected 2294.750 MHz processor
12.23 19:01:22 francesco kernel: [0.000019] Calibrating delay loop (skipped), value calculated using timer frequency.. 4589.50 BogoMIPS (lpj=9179000)
12.23 19:01:22 francesco kernel: [0.000021] pid_max: default: 32768 minimum: 301
12.23 19:01:22 francesco kernel: [0.000033] ACPI: Core revision 20160831
12.23 19:01:22 francesco kernel: [0.011596] ACPI: 13 ACPI AML tables successfully acquired and loaded
12.23 19:01:22 francesco kernel: [0.011634] Security Framework initialized
12.23 19:01:22 francesco kernel: [0.011635] Yama: disabled by default; enable with sysctl kernel.yama.*
12.23 19:01:22 francesco kernel: [0.011639] AppArmor: AppArmor disabled by boot time parameter
12.23 19:01:22 francesco kernel: [0.012251] Dentry cache hash table entries: 2097152 (order: 12, 16777216 bytes)
12.23 19:01:22 francesco kernel: [0.014527] Inode-cache hash table entries: 1048576 (order: 11, 8388608 bytes)
12.23 19:01:22 francesco kernel: [0.015533] Mount-cache hash table entries: 32768 (order: 6, 262144 bytes)
12.23 19:01:22 francesco kernel: [0.015544] Mountpoint-cache hash table entries: 32768 (order: 6, 262144 bytes)
12.23 19:01:22 francesco kernel: [0.015791] ENERGY_PERF_BIAS: Set to 'normal', was 'performance'
12.23 19:01:22 francesco kernel: [0.015791] ENERGY_PERF_BIAS: View and update with x86_energy_perf_policy(8)
12.23 19:01:22 francesco kernel: [0.015795] mce: CPU supports 9 MCE banks
12.23 19:01:22 francesco kernel: [0.015802] CPU0: Thermal monitoring enabled (TM1)
12.23 19:01:22 francesco kernel: [0.015814] process: using mwait in idle threads
12.23 19:01:22 francesco kernel: [0.015816] Last level iTLB entries: 4KB 1024, 2MB 1024, 4MB 1024
12.23 19:01:22 francesco kernel: [0.015816] Last level dTLB entries: 4KB 1024, 2MB 1024, 4MB 1024, 1GB 4
12.23 19:01:22 francesco kernel: [0.015817] Spectre V1 : Mitigation: usercopy/swapgs barriers and __user pointer sanitization
12.23 19:01:22 francesco kernel: [0.015818] Spectre V2 : Mitigation: Full generic retpoline
12.23 19:01:22 francesco kernel: [0.015819] Spectre V2 : Spectre v2 / SpectreRSB mitigation: Filling RSB on context switch
12.23 19:01:22 francesco kernel: [0.015819] Speculative Store Bypass: Vulnerable
12.23 19:01:22 francesco kernel: [0.015840] MDS: Vulnerable: Clear CPU buffers attempted, no microcode
12.23 19:01:22 francesco kernel: [0.020053] Freeing SMP alternatives memory: 24K
12.23 19:01:22 francesco kernel: [0.024009] ftrace: allocating 25339 entries in 99 pages
12.23 19:01:22 francesco kernel: [0.041144] smpboot: Max logical packages: 2
12.23 19:01:22 francesco kernel: [0.041148] DMAR: Host address width 39
12.23 19:01:22 francesco kernel: [0.041149] DMAR: DRHD base: 0x000000fed90000 flags: 0x0
12.23 19:01:22 francesco kernel: [0.041155] DMAR: dmar0: reg_base_addr fed90000 ver 1:0 cap c0000020660462 ecap f0101a
12.23 19:01:22 francesco kernel: [0.041156] DMAR: DRHD base: 0x000000fed91000 flags: 0x1
12.23 19:01:22 francesco kernel: [0.041159] DMAR: dmar1: reg_base_addr fed91000 ver 1:0 cap d2008020660462 ecap f010da
12.23 19:01:22 francesco kernel: [0.041160] DMAR: RMRR base: 0x000000cbe8a000 end: 0x000000cbe98fff
12.23 19:01:22 francesco kernel: [0.041161] DMAR: RMRR base: 0x000000cd000000 end: 0x000000cf1fffff
12.23 19:01:22 francesco kernel: [0.041163] DMAR-IR: IOAPIC id 8 under DRHD base 0xfed91000 IOMMU 1
12.23 19:01:22 francesco kernel: [0.041163] DMAR-IR: HPET id 0 under DRHD base 0xfed91000
12.23 19:01:22 francesco kernel: [0.041164] DMAR-IR: Queued invalidation will be enabled to support x2apic and Intr-remapping.
12.23 19:01:22 francesco kernel: [0.041393] DMAR-IR: Enabled IRQ remapping in x2apic mode
12.23 19:01:22 francesco kernel: [0.041393] x2apic enabled
12.23 19:01:22 francesco kernel: [0.041398] Switched APIC routing to cluster x2apic.
12.23 19:01:22 francesco kernel: [0.041803] ..TIMER: vector=0x30 apic1=0 pin1=2 apic2=-1 pin2=-1
12.23 19:01:22 francesco kernel: [0.081494] smpboot: CPU0: Intel(R) Core(TM) i7-4712HQ CPU @ 2.30GHz (family: 0x6, model: 0x3c, stepping: 0x3)
12.23 19:01:22 francesco kernel: [0.081497] Performance Events: PEBS fmt2+, Haswell events, 16-deep LBR, full-width counters, Intel PMU driver.
12.23 19:01:22 francesco kernel: [0.081541] ... version: 3
12.23 19:01:22 francesco kernel: [0.081542] ... bit width: 48
12.23 19:01:22 francesco kernel: [0.081542] ... generic registers: 4
12.23 19:01:22 francesco kernel: [0.081543] ... value mask: 0000ffffffffffff
12.23 19:01:22 francesco kernel: [0.081543] ... max period: 00007fffffffffff
12.23 19:01:22 francesco kernel: [0.081543] ... fixed-purpose events: 3
12.23 19:01:22 francesco kernel: [0.081544] ... event mask: 000000070000000f
12.23 19:01:22 francesco kernel: [0.082052] NMI watchdog: enabled on all CPUs, permanently consumes one hw-PMU counter.
12.23 19:01:22 francesco kernel: [0.082141] x86: Booting SMP configuration:
12.23 19:01:22 francesco kernel: [0.082142] .... node #0, CPUs: #1 #2 #3 #4
12.23 19:01:22 francesco kernel: [0.091788] MDS CPU bug present and SMT on, data leak possible. See https://www.kernel.org/doc/html/latest/admin-guide/hw-vuln/mds.html for more details.
12.23 19:01:22 francesco kernel: [0.091889] #5 #6 #7<6> [0.099037] x86: Booted up 1 node, 8 CPUs
12.23 19:01:22 francesco kernel: [0.099039] smpboot: Total of 8 processors activated (36716.00 BogoMIPS)
12.23 19:01:22 francesco kernel: [0.105178] devtmpfs: initialized
12.23 19:01:22 francesco kernel: [0.105234] x86/mm: Memory block size: 128MB
12.23 19:01:22 francesco kernel: [0.107716] PM: Registering ACPI NVS region [mem 0xb5d5c000-0xb5d62fff] (28672 bytes)
12.23 19:01:22 francesco kernel: [0.107717] PM: Registering ACPI NVS region [mem 0xcab6a000-0xcb53efff] (10309632 bytes)
12.23 19:01:22 francesco kernel: [0.107969] clocksource: jiffies: mask: 0xffffffff max_cycles: 0xffffffff, max_idle_ns: 7645041785100000 ns
12.23 19:01:22 francesco kernel: [0.107981] futex hash table entries: 2048 (order: 5, 131072 bytes)
12.23 19:01:22 francesco kernel: [0.108026] pinctrl core: initialized pinctrl subsystem
12.23 19:01:22 francesco kernel: [0.108117] NET: Registered protocol family 16
12.23 19:01:22 francesco kernel: [0.120809] cpuidle: using governor ladder
12.23 19:01:22 francesco kernel: [0.136824] cpuidle: using governor menu
12.23 19:01:22 francesco kernel: [0.136844] ACPI: bus type PCI registered
12.23 19:01:22 francesco kernel: [0.136845] acpiphp: ACPI Hot Plug PCI Controller Driver version: 0.5
12.23 19:01:22 francesco kernel: [0.136913] PCI: MMCONFIG for domain 0000 [bus 00-3f] at [mem 0xf8000000-0xfbffffff] (base 0xf8000000)
12.23 19:01:22 francesco kernel: [0.136914] PCI: MMCONFIG at [mem 0xf8000000-0xfbffffff] reserved in E820
12.23 19:01:22 francesco kernel: [0.136921] pmd_set_huge: Cannot satisfy [mem 0xf8000000-0xf8200000] with a huge-page mapping due to MTRR override.
12.23 19:01:22 francesco kernel: [0.137002] PCI: Using configuration type 1 for base access
12.23 19:01:22 francesco kernel: [0.137059] core: PMU erratum BJ122, BV98, HSD29 worked around, HT is on
12.23 19:01:22 francesco kernel: [0.152952] HugeTLB registered 1 GB page size, pre-allocated 0 pages
12.23 19:01:22 francesco kernel: [0.152953] HugeTLB registered 2 MB page size, pre-allocated 0 pages
12.23 19:01:22 francesco kernel: [0.153202] ACPI: Added _OSI(Module Device)
12.23 19:01:22 francesco kernel: [0.153203] ACPI: Added _OSI(Processor Device)
12.23 19:01:22 francesco kernel: [0.153204] ACPI: Added _OSI(3.0 _SCP Extensions)
12.23 19:01:22 francesco kernel: [0.153205] ACPI: Added _OSI(Processor Aggregator Device)
12.23 19:01:22 francesco kernel: [0.153418] ACPI: Executed 2 blocks of module-level executable AML code
12.23 19:01:22 francesco kernel: [0.159403] ACPI: [Firmware Bug]: BIOS _OSI(Linux) query ignored
12.23 19:01:22 francesco kernel: [0.160880] ACPI: Dynamic OEM Table Load:
12.23 19:01:22 francesco kernel: [0.160886] ACPI: SSDT 0xFFFF88FF5CCF8400 0003D3 (v01 PmRef Cpu0Cst 00003001 INTL 20120711)
12.23 19:01:22 francesco kernel: [0.161307] ACPI: Dynamic OEM Table Load:
12.23 19:01:22 francesco kernel: [0.161312] ACPI: SSDT 0xFFFF88FF5CE20000 0005AA (v01 PmRef ApIst 00003000 INTL 20120711)
12.23 19:01:22 francesco kernel: [0.161768] ACPI: Dynamic OEM Table Load:
12.23 19:01:22 francesco kernel: [0.161773] ACPI: SSDT 0xFFFF88FF5CE9A600 000119 (v01 PmRef ApCst 00003000 INTL 20120711)
12.23 19:01:22 francesco kernel: [0.163580] ACPI : EC: EC started
12.23 19:01:22 francesco kernel: [0.163581] ACPI : EC: interrupt blocked
12.23 19:01:22 francesco kernel: [0.163859] ACPI: \_SB_.PCI0.LPCB.EC0_: Used as first EC
12.23 19:01:22 francesco kernel: [0.163860] ACPI: \_SB_.PCI0.LPCB.EC0_: GPE=0x17, EC_CMD/EC_SC=0x66, EC_DATA=0x62
12.23 19:01:22 francesco kernel: [0.163861] ACPI: \_SB_.PCI0.LPCB.EC0_: Used as boot DSDT EC to handle transactions
12.23 19:01:22 francesco kernel: [0.163861] ACPI: Interpreter enabled
12.23 19:01:22 francesco kernel: [0.163887] ACPI: (supports S0 S3 S4 S5)
12.23 19:01:22 francesco kernel: [0.163888] ACPI: Using IOAPIC for interrupt routing
12.23 19:01:22 francesco kernel: [0.163910] PCI: Using host bridge windows from ACPI; if necessary, use "pci=nocrs" and report a bug
12.23 19:01:22 francesco kernel: [0.335763] ACPI: Power Resource [NVP3] (on)
12.23 19:01:22 francesco kernel: [0.335784] ACPI: Power Resource [NVP2] (on)
12.23 19:01:22 francesco kernel: [0.337573] ACPI: Power Resource [FN00] (off)
12.23 19:01:22 francesco kernel: [0.337634] ACPI: Power Resource [FN01] (off)
12.23 19:01:22 francesco kernel: [0.338372] ACPI: PCI Root Bridge [PCI0] (domain 0000 [bus 00-3e])
12.23 19:01:22 francesco kernel: [0.338375] acpi PNP0A08:00: _OSC: OS supports [ExtendedConfig ASPM ClockPM Segments MSI]
12.23 19:01:22 francesco kernel: [0.338877] acpi PNP0A08:00: _OSC: OS now controls [PCIeHotplug PME AER PCIeCapability]
12.23 19:01:22 francesco kernel: [0.339239] PCI host bridge to bus 0000:00
12.23 19:01:22 francesco kernel: [0.339241] pci_bus 0000:00: root bus resource [io 0x0000-0x0cf7 window]
12.23 19:01:22 francesco kernel: [0.339242] pci_bus 0000:00: root bus resource [io 0x0d00-0xffff window]
12.23 19:01:22 francesco kernel: [0.339243] pci_bus 0000:00: root bus resource [mem 0x000a0000-0x000bffff window]
12.23 19:01:22 francesco kernel: [0.339244] pci_bus 0000:00: root bus resource [mem 0x000dc000-0x000dffff window]
12.23 19:01:22 francesco kernel: [0.339245] pci_bus 0000:00: root bus resource [mem 0x000e0000-0x000e3fff window]
12.23 19:01:22 francesco kernel: [0.339246] pci_bus 0000:00: root bus resource [mem 0x000e4000-0x000e7fff window]
12.23 19:01:22 francesco kernel: [0.339247] pci_bus 0000:00: root bus resource [mem 0xcf200000-0xfeafffff window]
12.23 19:01:22 francesco kernel: [0.339248] pci_bus 0000:00: root bus resource [bus 00-3e]
12.23 19:01:22 francesco kernel: [0.339432] pci 0000:00:01.0: System wakeup disabled by ACPI
12.23 19:01:22 francesco kernel: [0.339833] pci 0000:00:14.0: System wakeup disabled by ACPI
12.23 19:01:22 francesco kernel: [0.340140] pci 0000:00:1a.0: System wakeup disabled by ACPI
12.23 19:01:22 francesco kernel: [0.340285] pci 0000:00:1b.0: System wakeup disabled by ACPI
12.23 19:01:22 francesco kernel: [0.340437] pci 0000:00:1c.0: System wakeup disabled by ACPI
12.23 19:01:22 francesco kernel: [0.340587] pci 0000:00:1c.2: System wakeup disabled by ACPI
12.23 19:01:22 francesco kernel: [0.340736] pci 0000:00:1c.3: System wakeup disabled by ACPI
12.23 19:01:22 francesco kernel: [0.340908] pci 0000:00:1d.0: System wakeup disabled by ACPI
12.23 19:01:22 francesco kernel: [0.341673] pci 0000:02:00.0: System wakeup disabled by ACPI
12.23 19:01:22 francesco kernel: [0.352988] pci 0000:00:01.0: PCI bridge to [bus 02-03]
12.23 19:01:22 francesco kernel: [0.353063] pci 0000:00:1c.0: PCI bridge to [bus 04]
12.23 19:01:22 francesco kernel: [0.353581] pci 0000:06:00.0: System wakeup disabled by ACPI
12.23 19:01:22 francesco kernel: [0.365013] pci 0000:00:1c.2: PCI bridge to [bus 06]
12.23 19:01:22 francesco kernel: [0.365649] pci 0000:07:00.0: System wakeup disabled by ACPI
12.23 19:01:22 francesco kernel: [0.377030] pci 0000:00:1c.3: PCI bridge to [bus 07]
12.23 19:01:22 francesco kernel: [0.461492] ACPI: PCI Interrupt Link [LNKA] (IRQs 3 4 5 6 10 *11 12 14 15)
12.23 19:01:22 francesco kernel: [0.461544] ACPI: PCI Interrupt Link [LNKB] (IRQs 3 4 5 6 10 11 12 14 15) *0, disabled.
12.23 19:01:22 francesco kernel: [0.461594] ACPI: PCI Interrupt Link [LNKC] (IRQs *3 4 5 6 10 11 12 14 15)
12.23 19:01:22 francesco kernel: [0.461643] ACPI: PCI Interrupt Link [LNKD] (IRQs 3 4 5 6 *10 11 12 14 15)
12.23 19:01:22 francesco kernel: [0.461690] ACPI: PCI Interrupt Link [LNKE] (IRQs 3 4 5 6 10 11 12 14 15) *0, disabled.
12.23 19:01:22 francesco kernel: [0.461740] ACPI: PCI Interrupt Link [LNKF] (IRQs 3 4 5 6 10 11 12 14 15) *0, disabled.
12.23 19:01:22 francesco kernel: [0.461790] ACPI: PCI Interrupt Link [LNKG] (IRQs 3 4 *5 6 10 11 12 14 15)
12.23 19:01:22 francesco kernel: [0.461839] ACPI: PCI Interrupt Link [LNKH] (IRQs 3 *4 5 6 10 11 12 14 15)
12.23 19:01:22 francesco kernel: [0.462240] ACPI: Enabled 4 GPEs in block 00 to 3F
12.23 19:01:22 francesco kernel: [0.462300] ACPI : EC: interrupt unblocked
12.23 19:01:22 francesco kernel: [0.462305] ACPI : EC: event unblocked
12.23 19:01:22 francesco kernel: [0.462320] ACPI: \_SB_.PCI0.LPCB.EC0_: GPE=0x17, EC_CMD/EC_SC=0x66, EC_DATA=0x62
12.23 19:01:22 francesco kernel: [0.462322] ACPI: \_SB_.PCI0.LPCB.EC0_: Used as boot DSDT EC to handle transactions and events
12.23 19:01:22 francesco kernel: [0.462405] vgaarb: setting as boot device: PCI:0000:00:02.0
12.23 19:01:22 francesco kernel: [0.462406] vgaarb: device added: PCI:0000:00:02.0,decodes=io+mem,owns=io+mem,locks=none
12.23 19:01:22 francesco kernel: [0.462410] vgaarb: loaded
12.23 19:01:22 francesco kernel: [0.462410] vgaarb: bridge control possible 0000:00:02.0
12.23 19:01:22 francesco kernel: [0.462473] PCI: Using ACPI for IRQ routing
12.23 19:01:22 francesco kernel: [0.463956] hpet0: at MMIO 0xfed00000, IRQs 2, 8, 0, 0, 0, 0, 0, 0
12.23 19:01:22 francesco kernel: [0.463961] hpet0: 8 comparators, 64-bit 14.318180 MHz counter
12.23 19:01:22 francesco kernel: [0.465982] clocksource: Switched to clocksource hpet
12.23 19:01:22 francesco kernel: [0.471150] VFS: Disk quotas dquot_6.6.0
12.23 19:01:22 francesco kernel: [0.471169] VFS: Dquot-cache hash table entries: 512 (order 0, 4096 bytes)
12.23 19:01:22 francesco kernel: [0.471237] pnp: PnP ACPI init
12.23 19:01:22 francesco kernel: [0.471309] system 00:00: [mem 0xfed40000-0xfed44fff] has been reserved
12.23 19:01:22 francesco kernel: [0.471558] system 00:01: [io 0x0680-0x069f] has been reserved
12.23 19:01:22 francesco kernel: [0.471560] system 00:01: [io 0xffff] has been reserved
12.23 19:01:22 francesco kernel: [0.471561] system 00:01: [io 0xffff] has been reserved
12.23 19:01:22 francesco kernel: [0.471562] system 00:01: [io 0xffff] has been reserved
12.23 19:01:22 francesco kernel: [0.471563] system 00:01: [io 0x1c00-0x1cfe] has been reserved
12.23 19:01:22 francesco kernel: [0.471565] system 00:01: [io 0x1d00-0x1dfe] has been reserved
12.23 19:01:22 francesco kernel: [0.471566] system 00:01: [io 0x1e00-0x1efe] has been reserved
12.23 19:01:22 francesco kernel: [0.471567] system 00:01: [io 0x1f00-0x1ffe] has been reserved
12.23 19:01:22 francesco kernel: [0.471569] system 00:01: [io 0x1800-0x18fe] has been reserved
12.23 19:01:22 francesco kernel: [0.471570] system 00:01: [io 0x164e-0x164f] has been reserved
12.23 19:01:22 francesco kernel: [0.471632] system 00:03: [io 0x1854-0x1857] has been reserved
12.23 19:01:22 francesco kernel: [0.471676] system 00:04: [io 0x04d0-0x04d1] has been reserved
12.23 19:01:22 francesco kernel: [0.554332] system 00:07: [mem 0xfed1c000-0xfed1ffff] has been reserved
12.23 19:01:22 francesco kernel: [0.554334] system 00:07: [mem 0xfed10000-0xfed17fff] has been reserved
12.23 19:01:22 francesco kernel: [0.554335] system 00:07: [mem 0xfed18000-0xfed18fff] has been reserved
12.23 19:01:22 francesco kernel: [0.554337] system 00:07: [mem 0xfed19000-0xfed19fff] has been reserved
12.23 19:01:22 francesco kernel: [0.554339] system 00:07: [mem 0xf8000000-0xfbffffff] has been reserved
12.23 19:01:22 francesco kernel: [0.554340] system 00:07: [mem 0xfed20000-0xfed3ffff] has been reserved
12.23 19:01:22 francesco kernel: [0.554342] system 00:07: [mem 0xfed90000-0xfed93fff] could not be reserved
12.23 19:01:22 francesco kernel: [0.554344] system 00:07: [mem 0xfed45000-0xfed8ffff] has been reserved
12.23 19:01:22 francesco kernel: [0.554346] system 00:07: [mem 0xff000000-0xffffffff] has been reserved
12.23 19:01:22 francesco kernel: [0.554347] system 00:07: [mem 0xfee00000-0xfeefffff] could not be reserved
12.23 19:01:22 francesco kernel: [0.554349] system 00:07: [mem 0xf7fee000-0xf7feefff] has been reserved
12.23 19:01:22 francesco kernel: [0.554350] system 00:07: [mem 0xf7fd0000-0xf7fdffff] has been reserved
12.23 19:01:22 francesco kernel: [0.554681] pnp: PnP ACPI: found 8 devices
12.23 19:01:22 francesco kernel: [0.560818] clocksource: acpi_pm: mask: 0xffffff max_cycles: 0xffffff, max_idle_ns: 2085701024 ns
12.23 19:01:22 francesco kernel: [0.560860] pci 0000:00:1c.0: BAR 14: assigned [mem 0xcf200000-0xcf3fffff]
12.23 19:01:22 francesco kernel: [0.560864] pci 0000:00:1c.0: BAR 15: assigned [mem 0xcf400000-0xcf5fffff 64bit pref]
12.23 19:01:22 francesco kernel: [0.560866] pci 0000:00:1c.0: BAR 13: assigned [io 0x2000-0x2fff]
12.23 19:01:22 francesco kernel: [0.560868] pci 0000:00:01.0: PCI bridge to [bus 02-03]
12.23 19:01:22 francesco kernel: [0.560870] pci 0000:00:01.0: bridge window [io 0xe000-0xefff]
12.23 19:01:22 francesco kernel: [0.560872] pci 0000:00:01.0: bridge window [mem 0xf6000000-0xf70fffff]
12.23 19:01:22 francesco kernel: [0.560874] pci 0000:00:01.0: bridge window [mem 0xe0000000-0xf1ffffff 64bit pref]
12.23 19:01:22 francesco kernel: [0.560877] pci 0000:00:1c.0: PCI bridge to [bus 04]
12.23 19:01:22 francesco kernel: [0.560879] pci 0000:00:1c.0: bridge window [io 0x2000-0x2fff]
12.23 19:01:22 francesco kernel: [0.560883] pci 0000:00:1c.0: bridge window [mem 0xcf200000-0xcf3fffff]
12.23 19:01:22 francesco kernel: [0.560887] pci 0000:00:1c.0: bridge window [mem 0xcf400000-0xcf5fffff 64bit pref]
12.23 19:01:22 francesco kernel: [0.560892] pci 0000:00:1c.2: PCI bridge to [bus 06]
12.23 19:01:22 francesco kernel: [0.560896] pci 0000:00:1c.2: bridge window [mem 0xf7900000-0xf79fffff]
12.23 19:01:22 francesco kernel: [0.560902] pci 0000:00:1c.3: PCI bridge to [bus 07]
12.23 19:01:22 francesco kernel: [0.560906] pci 0000:00:1c.3: bridge window [mem 0xf7800000-0xf78fffff]
12.23 19:01:22 francesco kernel: [0.561036] NET: Registered protocol family 2
12.23 19:01:22 francesco kernel: [0.561192] TCP established hash table entries: 131072 (order: 8, 1048576 bytes)
12.23 19:01:22 francesco kernel: [0.561328] TCP bind hash table entries: 65536 (order: 8, 1048576 bytes)
12.23 19:01:22 francesco kernel: [0.561425] TCP: Hash tables configured (established 131072 bind 65536)
12.23 19:01:22 francesco kernel: [0.561443] UDP hash table entries: 8192 (order: 6, 262144 bytes)
12.23 19:01:22 francesco kernel: [0.561477] UDP-Lite hash table entries: 8192 (order: 6, 262144 bytes)
12.23 19:01:22 francesco kernel: [0.561539] NET: Registered protocol family 1
12.23 19:01:22 francesco kernel: [0.561550] pci 0000:00:02.0: Video device with shadowed ROM at [mem 0x000c0000-0x000dffff]
12.23 19:01:22 francesco kernel: [0.610157] Unpacking initramfs...
12.23 19:01:22 francesco kernel: [0.868212] Freeing initrd memory: 19156K
12.23 19:01:22 francesco kernel: [0.868262] PCI-DMA: Using software bounce buffering for IO (SWIOTLB)
12.23 19:01:22 francesco kernel: [0.868263] software IO TLB: mapped [mem 0xc6796000-0xca796000] (64MB)
12.23 19:01:22 francesco kernel: [0.868582] audit: initializing netlink subsys (disabled)
12.23 19:01:22 francesco kernel: [0.868595] audit: type=2000 audit(1577127679.860:1): initialized
12.23 19:01:22 francesco kernel: [0.868911] workingset: timestamp_bits=40 max_order=22 bucket_order=0
12.23 19:01:22 francesco kernel: [0.868970] zbud: loaded
12.23 19:01:22 francesco kernel: [0.869619] Block layer SCSI generic (bsg) driver version 0.4 loaded (major 250)
12.23 19:01:22 francesco kernel: [0.869645] io scheduler noop registered
12.23 19:01:22 francesco kernel: [0.869646] io scheduler deadline registered
12.23 19:01:22 francesco kernel: [0.869655] io scheduler cfq registered (default)
12.23 19:01:22 francesco kernel: [0.870245] pcieport 0000:00:01.0: Signaling PME through PCIe PME interrupt
12.23 19:01:22 francesco kernel: [0.870247] pci 0000:02:00.0: Signaling PME through PCIe PME interrupt
12.23 19:01:22 francesco kernel: [0.870261] pcieport 0000:00:1c.0: Signaling PME through PCIe PME interrupt
12.23 19:01:22 francesco kernel: [0.870278] pcieport 0000:00:1c.2: Signaling PME through PCIe PME interrupt
12.23 19:01:22 francesco kernel: [0.870279] pci 0000:06:00.0: Signaling PME through PCIe PME interrupt
12.23 19:01:22 francesco kernel: [0.870304] pcieport 0000:00:1c.3: Signaling PME through PCIe PME interrupt
12.23 19:01:22 francesco kernel: [0.870305] pci 0000:07:00.0: Signaling PME through PCIe PME interrupt
12.23 19:01:22 francesco kernel: [0.870316] pci_hotplug: PCI Hot Plug PCI Core version: 0.5
12.23 19:01:22 francesco kernel: [0.870324] pciehp 0000:00:1c.0:pcie004: Slot #0 AttnBtn- PwrCtrl- MRL- AttnInd- PwrInd- HotPlug+ Surprise+ Interlock- NoCompl+ LLActRep+
12.23 19:01:22 francesco kernel: [0.870353] pciehp: PCI Express Hot Plug Controller Driver version: 0.4
12.23 19:01:22 francesco kernel: [0.872396] GHES: HEST is not enabled!
12.23 19:01:22 francesco kernel: [0.872438] Serial: 8250/16550 driver, 4 ports, IRQ sharing enabled
12.23 19:01:22 francesco kernel: [0.872782] Linux agpgart interface v0.103
12.23 19:01:22 francesco kernel: [0.872850] AMD IOMMUv2 driver by Joerg Roedel <jroedel@suse.de>
12.23 19:01:22 francesco kernel: [0.872850] AMD IOMMUv2 functionality not available on this system
12.23 19:01:22 francesco kernel: [0.873327] i8042: PNP: PS/2 Controller [PNP0303:PS2K,PNP0f13:PS2M] at 0x60,0x64 irq 1,12
12.23 19:01:22 francesco kernel: [0.901766] serio: i8042 KBD port at 0x60,0x64 irq 1
12.23 19:01:22 francesco kernel: [0.901770] serio: i8042 AUX port at 0x60,0x64 irq 12
12.23 19:01:22 francesco kernel: [0.901896] mousedev: PS/2 mouse device common for all mice
12.23 19:01:22 francesco kernel: [0.901998] rtc_cmos 00:02: RTC can wake from S4
12.23 19:01:22 francesco kernel: [0.902144] rtc_cmos 00:02: rtc core: registered rtc_cmos as rtc0
12.23 19:01:22 francesco kernel: [0.902169] rtc_cmos 00:02: alarms up to one month, y3k, 242 bytes nvram, hpet irqs
12.23 19:01:22 francesco kernel: [0.902177] intel_pstate: Intel P-state driver initializing
12.23 19:01:22 francesco kernel: [0.902813] ledtrig-cpu: registered to indicate activity on CPUs
12.23 19:01:22 francesco kernel: [0.903985] NET: Registered protocol family 10
12.23 19:01:22 francesco kernel: [0.904524] mip6: Mobile IPv6
12.23 19:01:22 francesco kernel: [0.904527] NET: Registered protocol family 17
12.23 19:01:22 francesco kernel: [0.904532] mpls_gso: MPLS GSO support
12.23 19:01:22 francesco kernel: [0.905277] microcode: sig=0x306c3, pf=0x20, revision=0x17
12.23 19:01:22 francesco kernel: [0.905614] microcode: Microcode Update Driver: v2.01 <tigran@aivazian.fsnet.co.uk>, Peter Oruba
12.23 19:01:22 francesco kernel: [0.905923] registered taskstats version 1
12.23 19:01:22 francesco kernel: [0.905964] zswap: loaded using pool lzo/zbud
12.23 19:01:22 francesco kernel: [0.906334] ima: No TPM chip found, activating TPM-bypass!
12.23 19:01:22 francesco kernel: [0.906340] ima: Allocated hash algorithm: sha256
12.23 19:01:22 francesco kernel: [0.907606] rtc_cmos 00:02: setting system clock to 2019-12-23 19:01:20 UTC (1577127680)
12.23 19:01:22 francesco kernel: [0.933669] input: AT Translated Set 2 keyboard as /devices/platform/i8042/serio0/input/input0
12.23 19:01:22 francesco kernel: [1.273983] Freeing unused kernel memory: 1424K
12.23 19:01:22 francesco kernel: [1.273983] Write protecting the kernel read-only data: 12288k
12.23 19:01:22 francesco kernel: [1.275171] Freeing unused kernel memory: 1888K
12.23 19:01:22 francesco kernel: [1.276941] Freeing unused kernel memory: 1216K
12.23 19:01:22 francesco kernel: [1.280390] x86/mm: Checked W+X mappings: passed, no W+X pages found.
12.23 19:01:22 francesco kernel: [1.292912] random: systemd-udevd: uninitialized urandom read (16 bytes read)
12.23 19:01:22 francesco kernel: [1.292980] random: systemd-udevd: uninitialized urandom read (16 bytes read)
12.23 19:01:22 francesco kernel: [1.292988] random: systemd-udevd: uninitialized urandom read (16 bytes read)
12.23 19:01:22 francesco kernel: [1.317315] ACPI: Invalid active2 threshold
12.23 19:01:22 francesco kernel: [1.317438] thermal LNXTHERM:00: registered as thermal_zone0
12.23 19:01:22 francesco kernel: [1.317439] ACPI: Thermal Zone [TZ00] (28 C)
12.23 19:01:22 francesco kernel: [1.317672] thermal LNXTHERM:01: registered as thermal_zone1
12.23 19:01:22 francesco kernel: [1.317672] ACPI: Thermal Zone [TZ01] (-266 C)
12.23 19:01:22 francesco kernel: [1.319627] ACPI: bus type USB registered
12.23 19:01:22 francesco kernel: [1.319651] usbcore: registered new interface driver usbfs
12.23 19:01:22 francesco kernel: [1.319662] usbcore: registered new interface driver hub
12.23 19:01:22 francesco kernel: [1.319691] usbcore: registered new device driver usb
12.23 19:01:22 francesco kernel: [1.320223] rtsx_pci 0000:07:00.0: rtsx_pci_acquire_irq: pcr->msi_en = 1, pci->irq = 30
12.23 19:01:22 francesco kernel: [1.320298] ehci_hcd: USB 2.0 'Enhanced' Host Controller (EHCI) Driver
12.23 19:01:22 francesco kernel: [1.320484] ehci-pci: EHCI PCI platform driver
12.23 19:01:22 francesco kernel: [1.320620] ehci-pci 0000:00:1a.0: EHCI Host Controller
12.23 19:01:22 francesco kernel: [1.320626] ehci-pci 0000:00:1a.0: new USB bus registered, assigned bus number 1
12.23 19:01:22 francesco kernel: [1.320646] ehci-pci 0000:00:1a.0: debug port 2
12.23 19:01:22 francesco kernel: [1.322212] SCSI subsystem initialized
12.23 19:01:22 francesco kernel: [1.324574] ehci-pci 0000:00:1a.0: irq 16, io mem 0xf7a24000
12.23 19:01:22 francesco kernel: [1.327164] AVX2 version of gcm_enc/dec engaged.
12.23 19:01:22 francesco kernel: [1.327165] AES CTR mode by8 optimization enabled
12.23 19:01:22 francesco kernel: [1.341989] ehci-pci 0000:00:1a.0: USB 2.0 started, EHCI 1.00
12.23 19:01:22 francesco kernel: [1.342124] usb usb1: New USB device found, idVendor=1d6b, idProduct=0002
12.23 19:01:22 francesco kernel: [1.342125] usb usb1: New USB device strings: Mfr=3, Product=2, SerialNumber=1
12.23 19:01:22 francesco kernel: [1.342126] usb usb1: Product: EHCI Host Controller
12.23 19:01:22 francesco kernel: [1.342127] usb usb1: Manufacturer: Linux 4.9.0-11-amd64 ehci_hcd
12.23 19:01:22 francesco kernel: [1.342128] usb usb1: SerialNumber: 0000:00:1a.0
12.23 19:01:22 francesco kernel: [1.342279] hub 1-0:1.0: USB hub found
12.23 19:01:22 francesco kernel: [1.342293] hub 1-0:1.0: 2 ports detected
12.23 19:01:22 francesco kernel: [1.342574] ehci-pci 0000:00:1d.0: EHCI Host Controller
12.23 19:01:22 francesco kernel: [1.342578] ehci-pci 0000:00:1d.0: new USB bus registered, assigned bus number 2
12.23 19:01:22 francesco kernel: [1.342588] ehci-pci 0000:00:1d.0: debug port 2
12.23 19:01:22 francesco kernel: [1.346513] ehci-pci 0000:00:1d.0: irq 23, io mem 0xf7a23000
12.23 19:01:22 francesco kernel: [1.362022] ehci-pci 0000:00:1d.0: USB 2.0 started, EHCI 1.00
12.23 19:01:22 francesco kernel: [1.362087] usb usb2: New USB device found, idVendor=1d6b, idProduct=0002
12.23 19:01:22 francesco kernel: [1.362089] usb usb2: New USB device strings: Mfr=3, Product=2, SerialNumber=1
12.23 19:01:22 francesco kernel: [1.362091] usb usb2: Product: EHCI Host Controller
12.23 19:01:22 francesco kernel: [1.362093] usb usb2: Manufacturer: Linux 4.9.0-11-amd64 ehci_hcd
12.23 19:01:22 francesco kernel: [1.362094] usb usb2: SerialNumber: 0000:00:1d.0
12.23 19:01:22 francesco kernel: [1.362345] hub 2-0:1.0: USB hub found
12.23 19:01:22 francesco kernel: [1.362350] hub 2-0:1.0: 2 ports detected
12.23 19:01:22 francesco kernel: [1.362642] xhci_hcd 0000:00:14.0: xHCI Host Controller
12.23 19:01:22 francesco kernel: [1.362648] xhci_hcd 0000:00:14.0: new USB bus registered, assigned bus number 3
12.23 19:01:22 francesco kernel: [1.363733] xhci_hcd 0000:00:14.0: hcc params 0x200077c1 hci version 0x100 quirks 0x00009810
12.23 19:01:22 francesco kernel: [1.363979] usb usb3: New USB device found, idVendor=1d6b, idProduct=0002
12.23 19:01:22 francesco kernel: [1.363981] usb usb3: New USB device strings: Mfr=3, Product=2, SerialNumber=1
12.23 19:01:22 francesco kernel: [1.363982] usb usb3: Product: xHCI Host Controller
12.23 19:01:22 francesco kernel: [1.363983] usb usb3: Manufacturer: Linux 4.9.0-11-amd64 xhci-hcd
12.23 19:01:22 francesco kernel: [1.363984] usb usb3: SerialNumber: 0000:00:14.0
12.23 19:01:22 francesco kernel: [1.364202] hub 3-0:1.0: USB hub found
12.23 19:01:22 francesco kernel: [1.364242] hub 3-0:1.0: 14 ports detected
12.23 19:01:22 francesco kernel: [1.366694] xhci_hcd 0000:00:14.0: xHCI Host Controller
12.23 19:01:22 francesco kernel: [1.366698] xhci_hcd 0000:00:14.0: new USB bus registered, assigned bus number 4
12.23 19:01:22 francesco kernel: [1.366728] usb usb4: New USB device found, idVendor=1d6b, idProduct=0003
12.23 19:01:22 francesco kernel: [1.366730] usb usb4: New USB device strings: Mfr=3, Product=2, SerialNumber=1
12.23 19:01:22 francesco kernel: [1.366731] usb usb4: Product: xHCI Host Controller
12.23 19:01:22 francesco kernel: [1.366731] usb usb4: Manufacturer: Linux 4.9.0-11-amd64 xhci-hcd
12.23 19:01:22 francesco kernel: [1.366732] usb usb4: SerialNumber: 0000:00:14.0
12.23 19:01:22 francesco kernel: [1.366901] hub 4-0:1.0: USB hub found
12.23 19:01:22 francesco kernel: [1.366912] hub 4-0:1.0: 6 ports detected
12.23 19:01:22 francesco kernel: [1.367503] i801_smbus 0000:00:1f.3: SPD Write Disable is set
12.23 19:01:22 francesco kernel: [1.367534] i801_smbus 0000:00:1f.3: SMBus using PCI interrupt
12.23 19:01:22 francesco kernel: [1.450873] ahci 0000:00:1f.2: AHCI 0001.0300 32 slots 6 ports 6 Gbps 0x3 impl RAID mode
12.23 19:01:22 francesco kernel: [1.450876] ahci 0000:00:1f.2: flags: 64bit ncq pm led clo pio slum part ems apst 
12.23 19:01:22 francesco kernel: [1.462668] scsi host0: ahci
12.23 19:01:22 francesco kernel: [1.462853] scsi host1: ahci
12.23 19:01:22 francesco kernel: [1.463012] scsi host2: ahci
12.23 19:01:22 francesco kernel: [1.463119] scsi host3: ahci
12.23 19:01:22 francesco kernel: [1.463201] scsi host4: ahci
12.23 19:01:22 francesco kernel: [1.463281] scsi host5: ahci
12.23 19:01:22 francesco kernel: [1.463314] ata1: SATA max UDMA/133 abar m2048@0xf7a22000 port 0xf7a22100 irq 32
12.23 19:01:22 francesco kernel: [1.463317] ata2: SATA max UDMA/133 abar m2048@0xf7a22000 port 0xf7a22180 irq 32
12.23 19:01:22 francesco kernel: [1.463317] ata3: DUMMY
12.23 19:01:22 francesco kernel: [1.463318] ata4: DUMMY
12.23 19:01:22 francesco kernel: [1.463318] ata5: DUMMY
12.23 19:01:22 francesco kernel: [1.463319] ata6: DUMMY
12.23 19:01:22 francesco kernel: [1.670032] usb 1-1: new high-speed USB device number 2 using ehci-pci
12.23 19:01:22 francesco kernel: [1.690028] usb 2-1: new high-speed USB device number 2 using ehci-pci
12.23 19:01:22 francesco kernel: [1.694019] usb 3-6: new full-speed USB device number 2 using xhci_hcd
12.23 19:01:22 francesco kernel: [1.777555] ata2: SATA link up 6.0 Gbps (SStatus 133 SControl 300)
12.23 19:01:22 francesco kernel: [1.777578] ata1: SATA link up 6.0 Gbps (SStatus 133 SControl 300)
12.23 19:01:22 francesco kernel: [1.779291] ata2.00: supports DRM functions and may not be fully accessible
12.23 19:01:22 francesco kernel: [1.779384] ata1.00: supports DRM functions and may not be fully accessible
12.23 19:01:22 francesco kernel: [1.780104] ata2.00: ATA-9: Samsung SSD 850 EVO mSATA 250GB, EMT41B6Q, max UDMA/133
12.23 19:01:22 francesco kernel: [1.780106] ata2.00: 488397168 sectors, multi 1: LBA48 NCQ (depth 31/32), AA
12.23 19:01:22 francesco kernel: [1.780163] ata1.00: ATA-9: Samsung SSD 850 EVO 500GB, EMT02B6Q, max UDMA/133
12.23 19:01:22 francesco kernel: [1.780165] ata1.00: 976773168 sectors, multi 1: LBA48 NCQ (depth 31/32), AA
12.23 19:01:22 francesco kernel: [1.780806] ata2.00: supports DRM functions and may not be fully accessible
12.23 19:01:22 francesco kernel: [1.780851] ata1.00: supports DRM functions and may not be fully accessible
12.23 19:01:22 francesco kernel: [1.781751] ata2.00: configured for UDMA/133
12.23 19:01:22 francesco kernel: [1.781883] ata1.00: configured for UDMA/133
12.23 19:01:22 francesco kernel: [1.782295] scsi 0:0:0:0: Direct-Access ATA Samsung SSD 850 2B6Q PQ: 0 ANSI: 5
12.23 19:01:22 francesco kernel: [1.818412] usb 1-1: New USB device found, idVendor=8087, idProduct=8008
12.23 19:01:22 francesco kernel: [1.818415] usb 1-1: New USB device strings: Mfr=0, Product=0, SerialNumber=0
12.23 19:01:22 francesco kernel: [1.818771] hub 1-1:1.0: USB hub found
12.23 19:01:22 francesco kernel: [1.818849] hub 1-1:1.0: 6 ports detected
12.23 19:01:22 francesco kernel: [1.826456] scsi 1:0:0:0: Direct-Access ATA Samsung SSD 850 1B6Q PQ: 0 ANSI: 5
12.23 19:01:22 francesco kernel: [1.835970] usb 3-6: New USB device found, idVendor=04f3, idProduct=21f8
12.23 19:01:22 francesco kernel: [1.835972] usb 3-6: New USB device strings: Mfr=4, Product=14, SerialNumber=0
12.23 19:01:22 francesco kernel: [1.835974] usb 3-6: Product: Touchscreen
12.23 19:01:22 francesco kernel: [1.835975] usb 3-6: Manufacturer: ELAN
12.23 19:01:22 francesco kernel: [1.838181] hidraw: raw HID events driver (C) Jiri Kosina
12.23 19:01:22 francesco kernel: [1.838359] usb 2-1: New USB device found, idVendor=8087, idProduct=8000
12.23 19:01:22 francesco kernel: [1.838361] usb 2-1: New USB device strings: Mfr=0, Product=0, SerialNumber=0
12.23 19:01:22 francesco kernel: [1.838513] hub 2-1:1.0: USB hub found
12.23 19:01:22 francesco kernel: [1.838606] hub 2-1:1.0: 8 ports detected
12.23 19:01:22 francesco kernel: [1.844179] usbcore: registered new interface driver usbhid
12.23 19:01:22 francesco kernel: [1.844180] usbhid: USB HID core driver
12.23 19:01:22 francesco kernel: [1.888292] sd 0:0:0:0: [sda] 976773168 512-byte logical blocks: (500 GB/466 GiB)
12.23 19:01:22 francesco kernel: [1.888316] sd 0:0:0:0: [sda] Write Protect is off
12.23 19:01:22 francesco kernel: [1.888321] sd 1:0:0:0: [sdb] 488397168 512-byte logical blocks: (250 GB/233 GiB)
12.23 19:01:22 francesco kernel: [1.888324] sd 0:0:0:0: [sda] Write cache: enabled, read cache: enabled, doesn't support DPO or FUA
12.23 19:01:22 francesco kernel: [1.888442] sd 1:0:0:0: [sdb] Write Protect is off
12.23 19:01:22 francesco kernel: [1.888471] sd 1:0:0:0: [sdb] Write cache: enabled, read cache: enabled, doesn't support DPO or FUA
12.23 19:01:22 francesco kernel: [1.889965] tsc: Refined TSC clocksource calibration: 2294.686 MHz
12.23 19:01:22 francesco kernel: [1.889971] clocksource: tsc: mask: 0xffffffffffffffff max_cycles: 0x211399552f8, max_idle_ns: 440795292447 ns
12.23 19:01:22 root kernel: [1.890280] sdb: sdb1
12.23 19:02:22 root kernel: [1.891162] sd 1:0:0:0: [sdb] Attached SCSI disk
12.23 19:01:22 root kernel: [1.891306] sda: sda1 sda2 sda3 sda4 sda5
12.23 19:01:24 root kernel: [1.891964] sd 0:0:0:0: [sda] Attached SCSI disk
12.23 19:01:22 root kernel: [1.909288] random: fast init done
12.23 19:01:42 root kernel: [1.958017] usb 3-9: new full-speed USB device number 3 using xhci_hcd
12.23 19:01:22 root kernel: [2.023110] EXT4-fs (sdb1): mounted filesystem with ordered data mode. Opts: (null)
12.23 19:01:32 root kernel: [2.098897] usb 3-9: New USB device found, idVendor=8087, idProduct=07dc
12.23 19:01:22 root kernel: [2.098899] usb 3-9: New USB device strings: Mfr=0, Product=0, SerialNumber=0
12.23 19:01:22 root kernel: [2.103060] ip_tables: (C) 2000-2006 Netfilter Core Team
12.23 19:01:22 root kernel: [2.221952] usb 3-11: new high-speed USB device number 4 using xhci_hcd
12.23 19:01:22 root kernel: [2.239874] lp: driver loaded but no devices found
12.23 19:01:22 root kernel: [2.240760] EXT4-fs (sdb1): re-mounted. Opts: errors=remount-ro
12.23 19:01:22 root kernel: [2.263425] ppdev: user-space parallel port driver
12.23 19:01:22 root kernel: [2.285235] ipmi message handler version 39.2
12.23 19:01:22 francesco kernel: [2.323167] nvidia: loading out-of-tree module taints kernel.
12.23 19:01:22 francesco kernel: [2.323174] nvidia: module license 'NVIDIA' taints kernel.
12.23 19:01:22 francesco kernel: [2.323175] Disabling lock debugging due to kernel taint
12.23 19:01:22 francesco kernel: [2.334968] nvidia-nvlink: Nvlink Core is being initialized, major device number 248
12.23 19:01:22 francesco kernel: [2.335316] NVRM: loading NVIDIA UNIX x86_64 Kernel Module 390.116 Sun Jan 27 07:21:36 PST 2019 (using threaded interrupts)
12.23 19:01:22 francesco kernel: [2.397260] usb 3-11: New USB device found, idVendor=0bda, idProduct=573c
12.23 19:01:22 francesco kernel: [2.397262] usb 3-11: New USB device strings: Mfr=3, Product=1, SerialNumber=2
12.23 19:01:22 francesco kernel: [2.397264] usb 3-11: Product: Integrated_Webcam_HD
12.23 19:01:22 francesco kernel: [2.397265] usb 3-11: Manufacturer: CN0Y2TKG7248751LA606A00
12.23 19:01:22 francesco kernel: [2.397266] usb 3-11: SerialNumber: 200901010001
12.23 19:01:22 francesco kernel: [2.398948] nvidia-modeset: Loading NVIDIA Kernel Mode Setting Driver for UNIX platforms 390.116 Sun Jan 27 06:30:32 PST 2019
12.23 19:01:22 francesco kernel: [2.435562] [drm] Initialized
12.23 19:01:22 francesco kernel: [2.447644] [drm] [nvidia-drm] [GPU ID 0x00000200] Loading driver
12.23 19:01:22 francesco kernel: [2.504190] input: Power Button as /devices/LNXSYSTM:00/LNXSYBUS:00/PNP0C0C:00/input/input3
12.23 19:01:22 francesco kernel: [2.504193] ACPI: Power Button [PWRB]
12.23 19:01:22 francesco kernel: [2.504254] input: Lid Switch as /devices/LNXSYSTM:00/LNXSYBUS:00/PNP0C0D:00/input/input4
12.23 19:01:22 francesco kernel: [2.504282] ACPI: Lid Switch [LID0]
12.23 19:01:22 francesco kernel: [2.504328] input: Power Button as /devices/LNXSYSTM:00/LNXPWRBN:00/input/input5
12.23 19:01:22 francesco kernel: [2.504330] ACPI: Power Button [PWRF]
12.23 19:01:22 francesco kernel: [2.532267] wmi: Mapper loaded
12.23 19:01:22 francesco kernel: [2.542086] input: DELL Wireless hotkeys as /devices/virtual/input/input6
12.23 19:01:22 francesco kernel: [2.550312] shpchp: Standard Hot Plug PCI Controller Driver version: 0.4
12.23 19:01:22 francesco kernel: [2.550521] EDAC MC: Ver: 3.0.0
12.23 19:01:22 francesco kernel: [2.551435] EDAC ie31200: No ECC support
12.23 19:01:22 francesco kernel: [2.577549] mei_me 0000:00:16.0: NFC MEI VERSION: IVN 0x1 Vendor ID 0x1 Type 0x1
12.23 19:01:22 francesco kernel: [2.617707] sd 0:0:0:0: Attached scsi generic sg0 type 0
12.23 19:01:22 francesco kernel: [2.617749] sd 1:0:0:0: Attached scsi generic sg1 type 0
12.23 19:01:22 francesco kernel: [2.624184] [drm] Memory usable by graphics device = 2048M
12.23 19:01:22 francesco kernel: [2.624186] [drm] Replacing VGA console driver
12.23 19:01:22 francesco kernel: [2.624967] Console: switching to colour dummy device 80x25
12.23 19:01:22 francesco kernel: [2.628061] Bluetooth: Core ver 2.22
12.23 19:01:22 francesco kernel: [2.628240] NET: Registered protocol family 31
12.23 19:01:22 francesco kernel: [2.628242] Bluetooth: HCI device and connection manager initialized
12.23 19:01:22 francesco kernel: [2.628245] Bluetooth: HCI socket layer initialized
12.23 19:01:22 francesco kernel: [2.628247] Bluetooth: L2CAP socket layer initialized
12.23 19:01:22 francesco kernel: [2.628253] Bluetooth: SCO socket layer initialized
12.23 19:01:22 francesco kernel: [2.631571] RAPL PMU: API unit is 2^-32 Joules, 4 fixed counters, 655360 ms ovfl timer
12.23 19:01:22 francesco kernel: [2.631572] RAPL PMU: hw unit of domain pp0-core 2^-14 Joules
12.23 19:01:22 francesco kernel: [2.631572] RAPL PMU: hw unit of domain package 2^-14 Joules
12.23 19:01:22 francesco kernel: [2.631573] RAPL PMU: hw unit of domain dram 2^-14 Joules
12.23 19:01:22 francesco kernel: [2.631574] RAPL PMU: hw unit of domain pp1-gpu 2^-14 Joules
12.23 19:01:22 francesco kernel: [2.634466] input: ELAN Touchscreen as /devices/pci0000:00/0000:00:14.0/usb3/3-6/3-6:1.0/0003:04F3:21F8.0001/input/input7
12.23 19:01:22 francesco kernel: [2.634632] hid-multitouch 0003:04F3:21F8.0001: input,hiddev0,hidraw0: USB HID v1.10 Device [ELAN Touchscreen] on usb-0000:00:14.0-6/input0
12.23 19:01:22 francesco kernel: [2.635075] snd_hda_codec_realtek hdaudioC1D0: autoconfig for ALC3661: line_outs=1 (0x14/0x0/0x0/0x0/0x0) type:speaker
12.23 19:01:22 francesco kernel: [2.635076] snd_hda_codec_realtek hdaudioC1D0: speaker_outs=0 (0x0/0x0/0x0/0x0/0x0)
12.23 19:01:22 francesco kernel: [2.635077] snd_hda_codec_realtek hdaudioC1D0: hp_outs=1 (0x15/0x0/0x0/0x0/0x0)
12.23 19:01:22 francesco kernel: [2.635078] snd_hda_codec_realtek hdaudioC1D0: mono: mono_out=0x0
12.23 19:01:22 francesco kernel: [2.635079] snd_hda_codec_realtek hdaudioC1D0: inputs:
12.23 19:01:22 francesco kernel: [2.635080] snd_hda_codec_realtek hdaudioC1D0: Headphone Mic=0x19
12.23 19:01:22 francesco kernel: [2.635081] snd_hda_codec_realtek hdaudioC1D0: Headset Mic=0x1b
12.23 19:01:22 francesco kernel: [2.635082] snd_hda_codec_realtek hdaudioC1D0: Internal Mic=0x12
12.23 19:01:22 francesco kernel: [2.637114] [drm] Supports vblank timestamp caching Rev 2 (21.10.2013).
12.23 19:01:22 francesco kernel: [2.637115] [drm] Driver supports precise vblank timestamp query.
12.23 19:01:22 francesco kernel: [2.650976] [Firmware Bug]: ACPI(PEGP) defines _DOD but not _DOS
12.23 19:01:22 francesco kernel: [2.651346] ACPI: Video Device [PEGP] (multi-head: yes rom: yes post: no)
12.23 19:01:22 francesco kernel: [2.651486] input: Video Bus as /devices/LNXSYSTM:00/LNXSYBUS:00/PNP0A08:00/device:4d/LNXVIDEO:00/input/input11
12.23 19:01:22 francesco kernel: [2.651828] ACPI: Video Device [GFX0] (multi-head: yes rom: no post: no)
12.23 19:01:22 francesco kernel: [2.651952] input: Video Bus as /devices/LNXSYSTM:00/LNXSYBUS:00/PNP0A08:00/LNXVIDEO:01/input/input12
12.23 19:01:22 francesco kernel: [2.652027] snd_hda_intel 0000:00:03.0: bound 0000:00:02.0 (ops i915_audio_component_bind_ops [i915])
12.23 19:01:22 francesco kernel: [2.652032] [drm] Initialized i915 1.6.0 20160919 for 0000:00:02.0 on minor 1
12.23 19:01:22 francesco kernel: [2.666090] fbcon: inteldrmfb (fb0) is primary device
12.23 19:01:22 francesco kernel: [2.682503] input: HDA Digital PCBeep as /devices/pci0000:00/0000:00:1b.0/sound/card1/input9
12.23 19:01:22 francesco kernel: [2.682650] input: HDA Intel PCH Headphone Mic as /devices/pci0000:00/0000:00:1b.0/sound/card1/input10
12.23 19:01:22 francesco kernel: [2.743234] usbcore: registered new interface driver btusb
12.23 19:01:22 francesco kernel: [2.744118] Intel(R) Wireless WiFi driver for Linux
12.23 19:01:22 francesco kernel: [2.744119] Copyright(c) 2003- 2015 Intel Corporation
12.23 19:01:22 francesco kernel: [2.744872] input: HDA Intel HDMI HDMI/DP,pcm=3 as /devices/pci0000:00/0000:00:03.0/sound/card0/input13
12.23 19:01:22 francesco kernel: [2.744919] input: HDA Intel HDMI HDMI/DP,pcm=7 as /devices/pci0000:00/0000:00:03.0/sound/card0/input14
12.23 19:01:22 francesco kernel: [2.744961] input: HDA Intel HDMI HDMI/DP,pcm=8 as /devices/pci0000:00/0000:00:03.0/sound/card0/input15
12.23 19:01:22 francesco kernel: [2.756933] Bluetooth: hci0: read Intel version: 370710018002030d00
12.23 19:01:22 francesco mtp-probe: checking bus 3, device 4: "/sys/devices/pci0000:00/0000:00:14.0/usb3/3-11"
12.23 19:01:22 francesco mtp-probe: bus: 3, device: 4 was not an MTP device
12.23 19:01:22 francesco vboxdrv.sh: Starting VirtualBox services.
12.23 19:01:23 francesco NetworkManager[482]: <info> [1577124083.1672] NetworkManager (version 1.6.2) is starting...
12.23 19:01:23 francesco NetworkManager[482]: <info> [1577124083.1672] Read config: /etc/NetworkManager/NetworkManager.conf
12.23 19:01:23 francesco NetworkManager[482]: <info> [1577124083.1708] manager[0x556c25873040]: monitoring kernel firmware directory '/lib/firmware'.
12.23 19:01:23 francesco NetworkManager[482]: <info> [1577124083.1709] monitoring ifupdown state file '/run/network/ifstate'.
12.23 19:01:23 francesco NetworkManager[482]: <info> [1577124083.1728] dns-mgr[0x556c25868180]: init: dns=default, rc-manager=resolvconf
12.23 19:01:23 francesco NetworkManager[482]: <info> [1577124083.1746] rfkill1: found WiFi radio killswitch (at /sys/devices/pci0000:00/0000:00:1c.2/0000:06:00.0/ieee80211/phy0/rfkill1) (driver iwlwifi)
12.23 19:01:23 francesco NetworkManager[482]: <info> [1577124083.1747] manager[0x556c25873040]: WiFi hardware radio set enabled
12.23 19:01:23 francesco NetworkManager[482]: <info> [1577124083.1747] manager[0x556c25873040]: WWAN hardware radio set enabled
12.23 19:01:23 francesco NetworkManager[482]: <info> [1577124083.2525] init!
12.23 19:01:23 francesco NetworkManager[482]: <info> [1577124083.2529] guessed connection type (eth0) = 802-3-ethernet
12.23 19:01:23 francesco NetworkManager[482]: <info> [1577124083.2530] update_connection_setting_from_if_block: name:eth0, type:802-3-ethernet, id:Ifupdown (eth0), uuid: 681b428f-beaf-8932-dce4-687ed5bae28e
12.23 19:01:23 francesco NetworkManager[482]: <info> [1577124083.2531] adding eth0 to connections
12.23 19:01:23 francesco NetworkManager[482]: <info> [1577124083.2531] adding iface eth0 to eni_ifaces
12.23 19:01:23 francesco NetworkManager[482]: <info> [1577124083.2531] autoconnect
12.23 19:01:23 francesco NetworkManager[482]: <info> [1577124083.2532] management mode: unmanaged
12.23 19:01:23 francesco NetworkManager[482]: <info> [1577124083.2534] devices added (path: /sys/devices/pci0000:00/0000:00:1c.2/0000:06:00.0/net/wlp6s0, iface: wlp6s0)
12.23 19:01:23 francesco NetworkManager[482]: <info> [1577124083.2534] device added (path: /sys/devices/pci0000:00/0000:00:1c.2/0000:06:00.0/net/wlp6s0, iface: wlp6s0): no ifupdown configuration found.
12.23 19:01:23 francesco NetworkManager[482]: <info> [1577124083.2534] devices added (path: /sys/devices/virtual/net/lo, iface: lo)
12.23 19:01:23 francesco NetworkManager[482]: <info> [1577124083.2534] device added (path: /sys/devices/virtual/net/lo, iface: lo): no ifupdown configuration found.
12.23 19:01:23 francesco NetworkManager[482]: <info> [1577124083.2535] end _init.
12.23 19:01:23 francesco NetworkManager[482]: <info> [1577124083.2535] settings: loaded plugin ifupdown: (C) 2008 Canonical Ltd. To report bugs please use the NetworkManager mailing list. (/usr/lib/x86_64-linux-gnu/NetworkManager/libnm-settings-plugin-ifupdown.so)
12.23 19:01:23 francesco NetworkManager[482]: <info> [1577124083.2535] settings: loaded plugin keyfile: (c) 2007 - 2016 Red Hat, Inc. To report bugs please use the NetworkManager mailing list.
12.23 19:01:23 francesco NetworkManager[482]: <info> [1577124083.2535] (629760128) ... get_connections.
12.23 19:01:23 francesco NetworkManager[482]: <info> [1577124083.2535] (629760128) ... get_connections (managed=false): return empty list.
12.23 19:01:23 francesco NetworkManager[482]: <info> [1577124083.2607] keyfile: new connection /etc/NetworkManager/system-connections/Connessione Telecom-67168227 automatica (58123f56-edca-45e8-a18f-b547b0195aa2,"Connessione Telecom-67168227 automatica")
12.23 19:01:23 francesco NetworkManager[482]: <info> [1577124083.2668] keyfile: new connection /etc/NetworkManager/system-connections/Francesco (efda0e61-db80-4f63-9fd4-24ba6d87bfc0,"Francesco")
12.23 19:01:23 francesco NetworkManager[482]: <info> [1577124083.2725] keyfile: new connection /etc/NetworkManager/system-connections/Connessione WiFi-Cubo30B automatica (61ace79c-3f7d-4cf2-b81a-759dbc339fc1,"Connessione WiFi-Cubo30B automatica")
12.23 19:01:23 francesco NetworkManager[482]: <info> [1577124083.2781] keyfile: new connection /etc/NetworkManager/system-connections/Oneplus 6t (e44569fb-ad79-4453-b707-d2d0e6b68f13,"Oneplus 6t")
12.23 19:01:23 francesco NetworkManager[482]: <info> [1577124083.2846] keyfile: new connection /etc/NetworkManager/system-connections/WiFi-Cubo31B (370619b3-2e79-46b8-af79-adfef92fa0b0,"WiFi-Cubo31B")
12.23 19:01:23 francesco NetworkManager[482]: <info> [1577124083.2909] keyfile: new connection /etc/NetworkManager/system-connections/eduroam (1475849b-7102-48fc-8ea1-60df56f79cdd,"eduroam")
12.23 19:01:23 francesco NetworkManager[482]: <info> [1577124083.2966] keyfile: new connection /etc/NetworkManager/system-connections/Connessione WiFi-LAB31A automatica (f16369ec-9ba4-4c8d-b755-79e9afc93bd7,"Connessione WiFi-LAB31A automatica")
12.23 19:01:23 francesco NetworkManager[482]: <info> [1577124083.3027] keyfile: new connection /etc/NetworkManager/system-connections/Modem 5Ghz (f3c24fa0-643b-4794-92ec-afa1de51d0f4,"Modem 5Ghz")
12.23 19:01:23 francesco NetworkManager[482]: <info> [1577124083.3084] keyfile: new connection /etc/NetworkManager/system-connections/Connessione Modem 2.4Ghz automatica (940529f9-d266-4874-840b-1617fe5d0a52,"Connessione Modem 2.4Ghz automatica")
12.23 19:01:23 francesco NetworkManager[482]: <info> [1577124083.3141] keyfile: new connection /etc/NetworkManager/system-connections/Connessione WiFi-MT11 automatica (9dbc7b14-006e-46c9-925d-9acf9d770014,"Connessione WiFi-MT11 automatica")
12.23 19:01:23 francesco NetworkManager[482]: <info> [1577124083.3196] keyfile: new connection /etc/NetworkManager/system-connections/Router (f38189ad-b899-447b-9f04-af76cf210f73,"Router")
12.23 19:01:23 francesco NetworkManager[482]: <info> [1577124083.3252] keyfile: new connection /etc/NetworkManager/system-connections/Unical (94b7c206-146e-4d7b-97c3-fc4226d327af,"Unical")
12.23 19:01:23 francesco NetworkManager[482]: <info> [1577124083.3276] get unmanaged devices count: 0
12.23 19:01:23 francesco NetworkManager[482]: <info> [1577124083.3284] settings: hostname: using hostnamed
12.23 19:01:23 francesco NetworkManager[482]: <info> [1577124083.3284] settings: hostname changed from (none) to "francesco"
12.23 19:01:23 francesco NetworkManager[482]: <info> [1577124083.3288] dhcp-init: Using DHCP client 'dhclient'
12.23 19:01:23 francesco NetworkManager[482]: <info> [1577124083.3289] manager: WiFi enabled by radio killswitch; enabled by state file
12.23 19:01:23 francesco NetworkManager[482]: <info> [1577124083.3289] manager: WWAN enabled by radio killswitch; enabled by state file
12.23 19:01:23 francesco NetworkManager[482]: <info> [1577124083.3289] manager: Networking is enabled by state file
12.23 19:01:23 francesco NetworkManager[482]: <info> [1577124083.3292] Loaded device plugin: NMBondDeviceFactory (internal)
12.23 19:01:23 francesco NetworkManager[482]: <info> [1577124083.3293] Loaded device plugin: NMBridgeDeviceFactory (internal)
12.23 19:01:23 francesco NetworkManager[482]: <info> [1577124083.3293] Loaded device plugin: NMEthernetDeviceFactory (internal)
12.23 19:01:23 francesco NetworkManager[482]: <info> [1577124083.3293] Loaded device plugin: NMInfinibandDeviceFactory (internal)
12.23 19:01:23 francesco NetworkManager[482]: <info> [1577124083.3293] Loaded device plugin: NMIPTunnelDeviceFactory (internal)
12.23 19:01:23 francesco NetworkManager[482]: <info> [1577124083.3293] Loaded device plugin: NMMacsecDeviceFactory (internal)
12.23 19:01:23 francesco NetworkManager[482]: <info> [1577124083.3293] Loaded device plugin: NMMacvlanDeviceFactory (internal)
12.23 19:01:23 francesco NetworkManager[482]: <info> [1577124083.3294] Loaded device plugin: NMTunDeviceFactory (internal)
12.23 19:01:23 francesco NetworkManager[482]: <info> [1577124083.3294] Loaded device plugin: NMVethDeviceFactory (internal)
12.23 19:01:23 francesco NetworkManager[482]: <info> [1577124083.3294] Loaded device plugin: NMVlanDeviceFactory (internal)
12.23 19:01:23 francesco NetworkManager[482]: <info> [1577124083.3294] Loaded device plugin: NMVxlanDeviceFactory (internal)
12.23 19:01:23 francesco NetworkManager[482]: <info> [1577124083.3304] Loaded device plugin: NMWifiFactory (/usr/lib/x86_64-linux-gnu/NetworkManager/libnm-device-plugin-wifi.so)
12.23 19:01:23 francesco NetworkManager[482]: <info> [1577124083.3310] Loaded device plugin: NMAtmManager (/usr/lib/x86_64-linux-gnu/NetworkManager/libnm-device-plugin-adsl.so)
12.23 19:01:23 francesco NetworkManager[482]: <info> [1577124083.3327] Loaded device plugin: NMWwanFactory (/usr/lib/x86_64-linux-gnu/NetworkManager/libnm-device-plugin-wwan.so)
12.23 19:01:23 francesco NetworkManager[482]: <info> [1577124083.3343] Loaded device plugin: NMBluezManager (/usr/lib/x86_64-linux-gnu/NetworkManager/libnm-device-plugin-bluetooth.so)
12.23 19:01:23 francesco NetworkManager[482]: <info> [1577124083.3359] Loaded device plugin: NMTeamFactory (/usr/lib/x86_64-linux-gnu/NetworkManager/libnm-device-plugin-team.so)
12.23 19:01:23 francesco NetworkManager[482]: <info> [1577124083.3371] device (lo): link connected
12.23 19:01:23 francesco NetworkManager[482]: <info> [1577124083.3377] manager: (lo): new Generic device (/org/freedesktop/NetworkManager/Devices/1)
12.23 19:01:23 francesco NetworkManager[482]: <info> [1577124083.3384] (wlp6s0): using nl80211 for WiFi device control
12.23 19:01:23 francesco NetworkManager[482]: <info> [1577124083.3386] device (wlp6s0): driver supports Access Point (AP) mode
12.23 19:01:23 francesco NetworkManager[482]: <info> [1577124083.3393] manager: (wlp6s0): new 802.11 WiFi device (/org/freedesktop/NetworkManager/Devices/2)
12.23 19:01:23 francesco NetworkManager[482]: <info> [1577124083.3403] device (wlp6s0): state change: unmanaged -> unavailable (reason 'managed') [10 20 2]
12.23 19:01:23 francesco kernel: [2.782006] ACPI: Battery Slot [BAT1] (battery present)
12.23 19:01:23 francesco kernel: [2.782094] ACPI: AC Adapter [ACAD] (on-line)
12.23 19:01:23 francesco kernel: [2.797294] bluetooth hci0: firmware: direct-loading firmware intel/ibt-hw-37.7.10-fw-1.80.2.3.d.bseq
12.23 19:01:23 francesco kernel: [2.797297] Bluetooth: hci0: Intel Bluetooth firmware file: intel/ibt-hw-37.7.10-fw-1.80.2.3.d.bseq
12.23 19:01:23 francesco kernel: [2.797363] psmouse serio1: synaptics: queried max coordinates: x [..5660], y [..4646]
12.23 19:01:23 francesco kernel: [2.798988] iwlwifi 0000:06:00.0: firmware: direct-loading firmware iwlwifi-7260-17.ucode
12.23 19:01:23 francesco kernel: [2.799219] iwlwifi 0000:06:00.0: loaded firmware version 17.352738.0 op_mode iwlmvm
12.23 19:01:23 francesco kernel: [2.814921] dcdbas dcdbas: Dell Systems Management Base Driver (version 5.6.0-3.2)
12.23 19:01:23 francesco kernel: [2.886606] psmouse serio1: synaptics: queried min coordinates: x [1386..], y [1252..]
12.23 19:01:23 francesco kernel: [2.887615] iwlwifi 0000:06:00.0: Detected Intel(R) Dual Band Wireless AC 7260, REV=0x144
12.23 19:01:23 francesco kernel: [2.889676] iwlwifi 0000:06:00.0: L1 Enabled - LTR Enabled
12.23 19:01:23 francesco kernel: [2.889946] iwlwifi 0000:06:00.0: L1 Enabled - LTR Enabled
12.23 19:01:23 francesco kernel: [2.914088] clocksource: Switched to clocksource tsc
12.23 19:01:23 francesco kernel: [2.920918] Bluetooth: hci0: Intel Bluetooth firmware patch completed and activated
12.23 19:01:23 francesco kernel: [2.964182] iTCO_vendor_support: vendor-support=0
12.23 19:01:23 francesco kernel: [2.966718] media: Linux media interface: v0.10
12.23 19:01:23 francesco kernel: [2.966813] nfc: nfc_init: NFC Core ver 0.1
12.23 19:01:23 francesco kernel: [2.966827] NET: Registered protocol family 39
12.23 19:01:23 francesco kernel: [2.973691] iTCO_wdt: Intel TCO WatchDog Timer Driver v1.11
12.23 19:01:23 francesco kernel: [2.973727] iTCO_wdt: Found a Lynx Point TCO device (Version=2, TCOBASE=0x1860)
12.23 19:01:23 francesco kernel: [2.973808] iTCO_wdt: initialized. heartbeat=30 sec (nowayout=0)
12.23 19:01:23 francesco kernel: [2.975245] dell_wmi: Detected Dell WMI interface version 0
12.23 19:01:23 francesco kernel: [2.975298] input: Dell WMI hotkeys as /devices/virtual/input/input16
12.23 19:01:23 francesco kernel: [3.055841] psmouse serio1: synaptics: Touchpad model: 1, fw: 8.1, id: 0x1e2b1, caps: 0xd00123/0x840300/0x126800/0x0, board id: 2733, fw id: 1515627
12.23 19:01:23 francesco kernel: [3.082835] Linux video capture interface: v2.00
12.23 19:01:23 francesco kernel: [3.156737] input: SynPS/2 Synaptics TouchPad as /devices/platform/i8042/serio1/input/input2
12.23 19:01:23 francesco kernel: [3.218632] iwlwifi 0000:06:00.0 wlp6s0: renamed from wlan0
12.23 19:01:23 francesco kernel: [3.266025] Bluetooth: BNEP (Ethernet Emulation) ver 1.3
12.23 19:01:23 francesco kernel: [3.266025] Bluetooth: BNEP filters: protocol multicast
12.23 19:01:23 francesco kernel: [3.266028] Bluetooth: BNEP socket layer initialized
12.23 19:01:23 francesco kernel: [3.266545] Probing NFC pn544
12.23 19:01:23 francesco kernel: [3.271092] uvcvideo: Found UVC 1.00 device Integrated_Webcam_HD (0bda:573c)
12.23 19:01:23 francesco kernel: [3.276963] uvcvideo 3-11:1.0: Entity type for entity Extension 4 was not initialized!
12.23 19:01:23 francesco kernel: [3.276965] uvcvideo 3-11:1.0: Entity type for entity Extension 7 was not initialized!
12.23 19:01:23 francesco kernel: [3.276967] uvcvideo 3-11:1.0: Entity type for entity Processing 2 was not initialized!
12.23 19:01:23 francesco kernel: [3.276968] uvcvideo 3-11:1.0: Entity type for entity Camera 1 was not initialized!
12.23 19:01:23 francesco kernel: [3.277055] input: Integrated_Webcam_HD as /devices/pci0000:00/0000:00:14.0/usb3/3-11/3-11:1.0/input/input17
12.23 19:01:23 francesco kernel: [3.277121] usbcore: registered new interface driver uvcvideo
12.23 19:01:23 francesco kernel: [3.277122] USB Video Class driver (1.1.1)
12.23 19:01:23 francesco kernel: [3.434207] intel_rapl: Found RAPL domain package
12.23 19:01:23 francesco kernel: [3.434208] intel_rapl: Found RAPL domain core
12.23 19:01:23 francesco kernel: [3.434209] intel_rapl: Found RAPL domain uncore
12.23 19:01:23 francesco kernel: [3.434210] intel_rapl: Found RAPL domain dram
12.23 19:01:23 francesco kernel: [3.434212] intel_rapl: RAPL package 0 domain package locked by BIOS
12.23 19:01:23 francesco kernel: [3.434216] intel_rapl: RAPL package 0 domain dram locked by BIOS
12.23 19:01:23 francesco kernel: [3.514137] vboxdrv: TSC mode is Invariant, tentative frequency 2294668539 Hz
12.23 19:01:23 francesco kernel: [3.748069] IPv6: ADDRCONF(NETDEV_UP): wlp6s0: link is not ready
12.23 19:01:23 francesco kernel: [3.749935] iwlwifi 0000:06:00.0: L1 Enabled - LTR Enabled
12.23 19:01:23 francesco kernel: [3.750197] iwlwifi 0000:06:00.0: L1 Enabled - LTR Enabled
12.23 19:01:23 francesco kernel: [3.786352] VBoxNetFlt: Successfully started.
12.23 19:01:23 francesco kernel: [3.789656] Console: switching to colour frame buffer device 400x112
12.23 19:01:23 francesco kernel: [3.804992] VBoxNetAdp: Successfully started.
12.23 19:01:23 francesco kernel: [3.816734] i915 0000:00:02.0: fb0: inteldrmfb frame buffer device
12.23 19:01:23 francesco kernel: [3.824604] VBoxPciLinuxInit
12.23 19:01:23 francesco kernel: [3.901652] vboxpci: IOMMU not found (not registered)
12.23 19:01:23 francesco vboxdrv.sh: VirtualBox services started.
12.23 19:01:23 francesco colord[615]: failed to get session [pid 464]: Device o indirizzo non esistente
12.23 19:01:23 francesco kernel: [3.963998] iwlwifi 0000:06:00.0: L1 Enabled - LTR Enabled
12.23 19:01:23 francesco kernel: [3.964260] iwlwifi 0000:06:00.0: L1 Enabled - LTR Enabled
12.23 19:01:23 francesco colord[615]: failed to get session [pid 464]: Device o indirizzo non esistente
12.23 19:01:23 francesco kernel: [3.978221] IPv6: ADDRCONF(NETDEV_UP): wlp6s0: link is not ready
12.23 19:01:23 francesco NetworkManager[482]: <info> [1577124083.5787] device (wlp6s0): set-hw-addr: set MAC address to 5A:94:6F:2D:AE:B1 (scanning)
12.23 19:01:23 francesco kernel: [3.988391] iwlwifi 0000:06:00.0: L1 Enabled - LTR Enabled
12.23 19:01:23 francesco kernel: [3.988653] iwlwifi 0000:06:00.0: L1 Enabled - LTR Enabled
12.23 19:01:23 francesco kernel: [4.189014] iwlwifi 0000:06:00.0: L1 Enabled - LTR Enabled
12.23 19:01:23 root kernel: [4.189277] iwlwifi 0000:06:00.0: L1 Enabled - LTR Enabled
12.23 19:01:23 root NetworkManager[482]: <warn> [1577124083.7979] Error: failed to open /run/network/ifstate
12.23 19:01:23 root kernel: [4.204365] IPv6: ADDRCONF(NETDEV_UP): wlp6s0: link is not ready
12.23 19:01:23 root NetworkManager[482]: <info> [1577124083.8101] bluez: use BlueZ version 5
12.23 19:01:23 root NetworkManager[482]: <info> [1577124083.8139] ModemManager available in the bus
12.23 19:01:23 root NetworkManager[482]: <info> [1577124083.8299] supplicant: wpa_supplicant running
12.23 19:01:23 root NetworkManager[482]: <info> [1577124083.8299] device (wlp6s0): supplicant interface state: init -> starting
12.23 19:01:23 root NetworkManager[482]: <info> [1577124083.8984] sup-iface[0x556c25915ca0,wlp6s0]: supports 5 scan SSIDs
12.23 19:01:23 root NetworkManager[482]: <info> [1577124083.8989] device (wlp6s0): supplicant interface state: starting -> ready
12.23 19:01:23 francesco NetworkManager[482]: <info> [1577124083.8990] device (wlp6s0): state change: unavailable -> disconnected (reason 'supplicant-available') [20 30 42]
12.23 19:01:23 francesco kernel: [4.306726] IPv6: ADDRCONF(NETDEV_UP): wlp6s0: link is not ready
12.23 19:01:23 francesco NetworkManager[482]: <info> [1577124083.9170] manager: NetworkManager state is now CONNECTED_GLOBAL
12.23 19:01:24 francesco NetworkManager[482]: <info> [1577124084.0470] manager: NetworkManager state is now DISCONNECTED
12.23 19:01:24 francesco kernel: [4.859230] aufs 4.9-20161219
12.23 19:01:24 francesco kernel: [4.966806] ip6_tables: (C) 2000-2006 Netfilter Core Team
12.23 19:01:24 francesco kernel: [4.976936] Ebtables v2.0 registered
12.23 19:01:25 francesco org.a11y.atspi.Registry[1013]: SpiRegistry daemon is running with well-known name - org.a11y.atspi.Registry
12.23 19:01:25 francesco kernel: [5.609589] fuse init (API version 7.26)
12.23 19:01:27 francesco NetworkManager[482]: <info> [1577124087.1985] device (wlp6s0): supplicant interface state: ready -> inactive
12.23 19:01:27 francesco NetworkManager[482]: <info> [1577124087.2021] policy: auto-activating connection 'WiFi-Cubo31B'
12.23 19:01:27 francesco NetworkManager[482]: <info> [1577124087.2029] device (wlp6s0): Activation: starting connection 'WiFi-Cubo31B' (370619b3-2e79-46b8-af79-adfef92fa0b0)
12.23 19:01:27 francesco NetworkManager[482]: <info> [1577124087.2031] device (wlp6s0): state change: disconnected -> prepare (reason 'none') [30 40 0]
12.23 19:01:27 francesco NetworkManager[482]: <info> [1577124087.2032] manager: NetworkManager state is now CONNECTING
12.23 19:01:27 francesco NetworkManager[482]: <info> [1577124087.2053] device (wlp6s0): set-hw-addr: reset MAC address to 5C:C5:D4:1D:4B:83 (preserve)
12.23 19:01:27 francesco kernel: [7.614409] IPv6: ADDRCONF(NETDEV_UP): wlp6s0: link is not ready
12.23 19:01:27 francesco NetworkManager[482]: <info> [1577124087.2084] device (wlp6s0): state change: prepare -> config (reason 'none') [40 50 0]
12.23 19:01:27 francesco NetworkManager[482]: <info> [1577124087.2086] device (wlp6s0): Activation: (wifi) access point 'WiFi-Cubo31B' has security, but secrets are required.
12.23 19:01:27 francesco NetworkManager[482]: <info> [1577124087.2086] device (wlp6s0): state change: config -> need-auth (reason 'none') [50 60 0]
12.23 19:01:27 francesco NetworkManager[482]: <info> [1577124087.2134] device (wlp6s0): state change: need-auth -> prepare (reason 'none') [60 40 0]
12.23 19:01:27 francesco NetworkManager[482]: <info> [1577124087.2137] device (wlp6s0): state change: prepare -> config (reason 'none') [40 50 0]
12.23 19:01:27 francesco NetworkManager[482]: <info> [1577124087.2140] device (wlp6s0): Activation: (wifi) connection 'WiFi-Cubo31B' has security, and secrets exist. No new secrets needed.
12.23 19:01:27 francesco NetworkManager[482]: <info> [1577124087.2141] Config: added 'ssid' value 'WiFi-Cubo31B'
12.23 19:01:27 francesco NetworkManager[482]: <info> [1577124087.2141] Config: added 'scan_ssid' value '1'
12.23 19:01:27 francesco NetworkManager[482]: <info> [1577124087.2141] Config: added 'key_mgmt' value 'WPA-PSK'
12.23 19:01:27 francesco NetworkManager[482]: <info> [1577124087.2141] Config: added 'auth_alg' value 'OPEN'
12.23 19:01:27 francesco NetworkManager[482]: <info> [1577124087.2141] Config: added 'psk' value '<hidden>'
12.23 19:01:27 francesco NetworkManager[482]: <info> [1577124087.2308] device (wlp6s0): supplicant interface state: inactive -> disconnected
12.23 19:01:27 francesco NetworkManager[482]: <info> [1577124087.2363] device (wlp6s0): supplicant interface state: disconnected -> inactive
12.23 19:01:27 francesco kernel: [7.644039] wlp6s0: authenticate with dc:fb:02:e7:e0:2c
12.23 19:01:27 francesco NetworkManager[482]: <info> [1577124087.2420] device (wlp6s0): supplicant interface state: inactive -> associating
12.23 19:01:27 francesco kernel: [7.647421] wlp6s0: send auth to dc:fb:02:e7:e0:2c (try 1/3)
12.23 19:01:27 francesco kernel: [7.648056] wlp6s0: authenticated
12.23 19:01:27 francesco kernel: [7.649801] wlp6s0: associate with dc:fb:02:e7:e0:2c (try 1/3)
12.23 19:01:27 francesco kernel: [7.651014] wlp6s0: RX AssocResp from dc:fb:02:e7:e0:2c (capab=0x1011 status=0 aid=1)
12.23 19:01:27 francesco kernel: [7.653174] wlp6s0: associated
12.23 19:01:27 francesco NetworkManager[482]: <info> [1577124087.2512] device (wlp6s0): supplicant interface state: associating -> 4-way handshake
12.23 19:01:27 francesco kernel: [7.668368] IPv6: ADDRCONF(NETDEV_CHANGE): wlp6s0: link becomes ready
12.23 19:01:27 francesco NetworkManager[482]: <info> [1577124087.2662] device (wlp6s0): supplicant interface state: 4-way handshake -> completed
12.23 19:01:27 francesco NetworkManager[482]: <info> [1577124087.2662] device (wlp6s0): Activation: (wifi) Stage 2 of 5 (Device Configure) successful. Connected to wireless network 'WiFi-Cubo31B'.
12.23 19:01:27 francesco NetworkManager[482]: <info> [1577124087.2663] device (wlp6s0): state change: config -> ip-config (reason 'none') [50 70 0]
12.23 19:01:27 francesco NetworkManager[482]: <info> [1577124087.2670] dhcp4 (wlp6s0): activation: beginning transaction (timeout in 45 seconds)
12.23 19:01:27 francesco NetworkManager[482]: <info> [1577124087.2681] dhcp4 (wlp6s0): dhclient started with pid 1065
12.23 19:01:30 francesco org.a11y.atspi.Registry[1185]: SpiRegistry daemon is running with well-known name - org.a11y.atspi.Registry
12.23 19:01:30 francesco kernel: [11.024723] Bluetooth: RFCOMM TTY layer initialized
12.23 19:01:30 francesco kernel: [11.024728] Bluetooth: RFCOMM socket layer initialized
12.23 19:01:30 francesco kernel: [11.024734] Bluetooth: RFCOMM ver 1.11
12.23 19:01:30 francesco goa-daemon[1277]: goa-daemon version 3.22.5 starting
12.23 19:01:31 francesco /cinnamon-killer-daemon: Bound Cinnamon restart to <Control><Alt>Escape.
12.23 19:01:31 francesco org.blueman.Mechanism[443]: Unable to init server: Could not connect: Connection refused
12.23 19:01:31 francesco org.blueman.Mechanism[443]: Unable to init server: Could not connect: Connection refused
12.23 19:01:31 francesco blueman-mechani[1356]: gtk_icon_theme_get_for_screen: assertion 'GDK_IS_SCREEN (screen)' failed
12.23 19:01:31 francesco NetworkManager[482]: <info> [1577124091.9233] dhcp4 (wlp6s0): address 192.168.1.103
12.23 19:01:31 francesco NetworkManager[482]: <info> [1577124091.9233] dhcp4 (wlp6s0): plen 24 (255.255.255.0)
12.23 19:01:31 francesco NetworkManager[482]: <info> [1577124091.9233] dhcp4 (wlp6s0): gateway 192.168.1.1
12.23 19:01:31 francesco NetworkManager[482]: <info> [1577124091.9233] dhcp4 (wlp6s0): server identifier 192.168.1.1
12.23 19:01:31 francesco NetworkManager[482]: <info> [1577124091.9233] dhcp4 (wlp6s0): lease time 86400
12.23 19:01:31 francesco NetworkManager[482]: <info> [1577124091.9233] dhcp4 (wlp6s0): hostname 'francesco'
12.23 19:01:31 francesco NetworkManager[482]: <info> [1577124091.9233] dhcp4 (wlp6s0): nameserver '192.168.1.1'
12.23 19:01:31 francesco NetworkManager[482]: <info> [1577124091.9233] dhcp4 (wlp6s0): state changed unknown -> bound
12.23 19:01:31 francesco NetworkManager[482]: <info> [1577124091.9246] device (wlp6s0): state change: ip-config -> ip-check (reason 'none') [70 80 0]
12.23 19:01:31 francesco NetworkManager[482]: <info> [1577124091.9250] device (wlp6s0): state change: ip-check -> secondaries (reason 'none') [80 90 0]
12.23 19:01:31 francesco NetworkManager[482]: <info> [1577124091.9253] device (wlp6s0): state change: secondaries -> activated (reason 'none') [90 100 0]
12.23 19:01:31 francesco NetworkManager[482]: <info> [1577124091.9253] manager: NetworkManager state is now CONNECTED_LOCAL
12.23 19:01:31 francesco NetworkManager[482]: <info> [1577124091.9410] manager: NetworkManager state is now CONNECTED_GLOBAL
12.23 19:01:31 francesco NetworkManager[482]: <info> [1577124091.9411] policy: set 'WiFi-Cubo31B' (wlp6s0) as default for IPv4 routing and DNS
12.23 19:01:31 francesco NetworkManager[482]: <info> [1577124091.9469] device (wlp6s0): Activation: successful, device activated.
12.23 19:01:31 francesco NetworkManager[482]: <info> [1577124091.9474] manager: startup complete
12.23 19:01:32 francesco kernel: [12.834576] bridge: filtering via arp/ip/ip6tables is no longer available by default. Update your scripts to load br_netfilter if you need this.
12.23 19:01:32 francesco kernel: [12.835107] Bridge firewalling registered
12.23 19:01:32 francesco kernel: [12.841617] nf_conntrack version 0.5.0 (65536 buckets, 262144 max)
12.23 19:01:32 francesco kernel: [12.874064] Initializing XFRM netlink socket
12.23 19:01:32 francesco kernel: [12.875905] Netfilter messages via NETLINK v0.30.
12.23 19:01:32 francesco kernel: [12.876569] ctnetlink v0.93: registering with nfnetlink.
12.23 19:01:32 francesco NetworkManager[482]: <info> [1577124092.4716] manager: (docker0): new Bridge device (/org/freedesktop/NetworkManager/Devices/3)
12.23 19:01:32 francesco NetworkManager[482]: <info> [1577124092.4809] devices added (path: /sys/devices/virtual/net/docker0, iface: docker0)
12.23 19:01:32 francesco NetworkManager[482]: <info> [1577124092.4810] device added (path: /sys/devices/virtual/net/docker0, iface: docker0): no ifupdown configuration found.
12.23 19:01:32 francesco NetworkManager[482]: <info> [1577124092.4934] device (docker0): state change: unmanaged -> unavailable (reason 'connection-assumed') [10 20 41]
12.23 19:01:32 francesco kernel: [12.900639] IPv6: ADDRCONF(NETDEV_UP): docker0: link is not ready
12.23 19:01:32 francesco NetworkManager[482]: <info> [1577124092.4948] keyfile: add connection in-memory (60c849c1-ed1b-43d2-969e-edfc5800bc82,"docker0")
12.23 19:01:32 francesco NetworkManager[482]: <info> [1577124092.4953] device (docker0): state change: unavailable -> disconnected (reason 'connection-assumed') [20 30 41]
12.23 19:01:32 francesco NetworkManager[482]: <info> [1577124092.4960] device (docker0): Activation: starting connection 'docker0' (60c849c1-ed1b-43d2-969e-edfc5800bc82)
12.23 19:01:32 francesco NetworkManager[482]: <info> [1577124092.4974] device (docker0): state change: disconnected -> prepare (reason 'none') [30 40 0]
12.23 19:01:32 francesco NetworkManager[482]: <info> [1577124092.4977] device (docker0): state change: prepare -> config (reason 'none') [40 50 0]
12.23 19:01:32 francesco NetworkManager[482]: <info> [1577124092.4979] device (docker0): state change: config -> ip-config (reason 'none') [50 70 0]
12.23 19:01:32 francesco NetworkManager[482]: <info> [1577124092.5123] device (docker0): state change: ip-config -> ip-check (reason 'none') [70 80 0]
12.23 19:01:32 francesco NetworkManager[482]: <info> [1577124092.5128] device (docker0): state change: ip-check -> secondaries (reason 'none') [80 90 0]
12.23 19:01:32 francesco NetworkManager[482]: <info> [1577124092.5131] device (docker0): state change: secondaries -> activated (reason 'none') [90 100 0]
12.23 19:01:32 francesco NetworkManager[482]: <info> [1577124092.5155] device (docker0): Activation: successful, device activated.
12.23 19:01:36 francesco kernel: [16.998178] random: crng init done
12.23 19:01:36 francesco kernel: [16.998180] random: 7 urandom warning(s) missed due to ratelimiting
12.23 19:03:27 francesco kernel: [0.000000] Linux version 4.9.0-11-amd64 (debian-kernel@lists.debian.org) (gcc version 6.3.0 20170516 (Debian 6.3.0-18+deb9u1) ) #1 SMP Debian 4.9.189-3+deb9u2 (2019-11-11)
12.23 19:03:27 francesco kernel: [0.000000] Command line: BOOT_IMAGE=/boot/vmlinuz-4.9.0-11-amd64 root=UUID=58651b95-d617-4658-b9ea-cbef4b5105bc ro quiet
12.23 19:03:27 francesco kernel: [0.000000] x86/fpu: Supporting XSAVE feature 0x001: 'x87 floating point registers'
12.23 19:03:27 francesco kernel: [0.000000] x86/fpu: Supporting XSAVE feature 0x002: 'SSE registers'
12.23 19:03:27 francesco kernel: [0.000000] x86/fpu: Supporting XSAVE feature 0x004: 'AVX registers'
12.23 19:03:27 francesco kernel: [0.000000] x86/fpu: xstate_offset[2]: 576, xstate_sizes[2]: 256
12.23 19:03:27 francesco kernel: [0.000000] x86/fpu: Enabled xstate features 0x7, context size is 832 bytes, using 'standard' format.
12.23 19:03:27 francesco kernel: [0.000000] e820: BIOS-provided physical RAM map:
12.23 19:03:27 francesco kernel: [0.000000] BIOS-e820: [mem 0x0000000000000000-0x00000000000917ff] usable
12.23 19:03:27 francesco kernel: [0.000000] BIOS-e820: [mem 0x0000000000091800-0x000000000009ffff] reserved
12.23 19:03:27 francesco kernel: [0.000000] BIOS-e820: [mem 0x00000000000e0000-0x00000000000fffff] reserved
12.23 19:03:27 francesco kernel: [0.000000] BIOS-e820: [mem 0x0000000000100000-0x00000000b5d5bfff] usable
12.23 19:03:27 francesco kernel: [0.000000] BIOS-e820: [mem 0x00000000b5d5c000-0x00000000b5d62fff] ACPI NVS
12.23 19:03:27 francesco kernel: [0.000000] BIOS-e820: [mem 0x00000000b5d63000-0x00000000b61a0fff] usable
12.23 19:03:27 francesco kernel: [0.000000] BIOS-e820: [mem 0x00000000b61a1000-0x00000000b67bcfff] reserved
12.23 19:03:27 francesco kernel: [0.000000] BIOS-e820: [mem 0x00000000b67bd000-0x00000000ca795fff] usable
12.23 19:03:27 francesco kernel: [0.000000] BIOS-e820: [mem 0x00000000ca796000-0x00000000cab48fff] reserved
12.23 19:03:27 francesco kernel: [0.000000] BIOS-e820: [mem 0x00000000cab49000-0x00000000cab69fff] ACPI data
12.23 19:03:27 francesco kernel: [0.000000] BIOS-e820: [mem 0x00000000cab6a000-0x00000000cb53efff] ACPI NVS
12.23 19:03:27 francesco kernel: [0.000000] BIOS-e820: [mem 0x00000000cb53f000-0x00000000cbffefff] reserved
12.23 19:03:27 francesco kernel: [0.000000] BIOS-e820: [mem 0x00000000cbfff000-0x00000000cbffffff] usable
12.23 19:03:27 francesco kernel: [0.000000] BIOS-e820: [mem 0x00000000cd000000-0x00000000cf1fffff] reserved
12.23 19:03:27 francesco kernel: [0.000000] BIOS-e820: [mem 0x00000000f8000000-0x00000000fbffffff] reserved
12.23 19:03:27 francesco kernel: [0.000000] BIOS-e820: [mem 0x00000000fec00000-0x00000000fec00fff] reserved
12.23 19:03:27 francesco kernel: [0.000000] BIOS-e820: [mem 0x00000000fed00000-0x00000000fed03fff] reserved
12.23 19:03:27 francesco kernel: [0.000000] BIOS-e820: [mem 0x00000000fed1c000-0x00000000fed1ffff] reserved
12.23 19:03:27 francesco kernel: [0.000000] BIOS-e820: [mem 0x00000000fee00000-0x00000000fee00fff] reserved
12.23 19:03:27 francesco kernel: [0.000000] BIOS-e820: [mem 0x00000000ff000000-0x00000000ffffffff] reserved
12.23 19:03:27 francesco kernel: [0.000000] BIOS-e820: [mem 0x0000000100000000-0x000000042fdfffff] usable
12.23 19:03:27 francesco kernel: [0.000000] NX (Execute Disable) protection: active
12.23 19:03:27 francesco kernel: [0.000000] SMBIOS 2.7 present.
12.23 19:03:27 francesco kernel: [0.000000] e820: last_pfn = 0x42fe00 max_arch_pfn = 0x400000000
12.23 19:03:27 francesco kernel: [0.000000] x86/PAT: Configuration [0-7]: WB WC UC- UC WB WC UC- WT 
12.23 19:03:27 francesco kernel: [0.000000] e820: last_pfn = 0xcc000 max_arch_pfn = 0x400000000
12.23 19:03:27 francesco kernel: [0.000000] found SMP MP-table at [mem 0x000fda40-0x000fda4f] mapped at [ffff8831400fda40]
12.23 19:03:27 francesco kernel: [0.000000] Using GB pages for direct mapping
12.23 19:03:27 francesco kernel: [0.000000] RAMDISK: [mem 0x35a85000-0x36d39fff]
12.23 19:03:27 francesco kernel: [0.000000] ACPI: Early table checksum verification disabled
12.23 19:03:27 francesco kernel: [0.000000] ACPI: RSDP 0x00000000000F0490 000024 (v02 DELL )
12.23 19:03:27 francesco kernel: [0.000000] ACPI: XSDT 0x00000000CAB4F0A0 0000C4 (v01 DELL CL09 01072009 AMI 00010013)
12.23 19:03:27 francesco mtp-probe: checking bus 1, device 4: "/sys/devices/pci0000:00/0000:00:14.0/usb1/1-11"
12.23 19:03:27 francesco kernel: [0.000000] ACPI: FACP 0x00000000CAB5CF28 00010C (v05 DELL CL09 01072009 AMI 00010013)
12.23 19:03:27 francesco kernel: [0.000000] ACPI: DSDT 0x00000000CAB4F1F8 00DD2E (v02 DELL CL09 00000000 INTL 20120711)
12.23 19:03:27 francesco kernel: [0.000000] ACPI: FACS 0x00000000CB538080 000040
12.23 19:03:27 francesco mtp-probe: bus: 1, device: 4 was not an MTP device
12.23 19:03:27 francesco kernel: [0.000000] ACPI: APIC 0x00000000CAB5D038 000092 (v03 DELL CL09 01072009 AMI 00010013)
12.23 19:03:27 francesco kernel: [0.000000] ACPI: FPDT 0x00000000CAB5D0D0 000044 (v01 DELL CL09 01072009 AMI 00010013)
12.23 19:03:27 francesco kernel: [0.000000] ACPI: SSDT 0x00000000CAB5D118 000C9A (v01 TrmRef PtidDevc 00001000 INTL 20091112)
12.23 19:03:27 francesco kernel: [0.000000] ACPI: SSDT 0x00000000CAB5DDB8 000228 (v01 INTEL sensrhub 00000000 INTL 20120711)
12.23 19:03:27 francesco kernel: [0.000000] ACPI: SLIC 0x00000000CAB5DFE0 000176 (v01 DELL CL09 01072009 AMI 00010013)
12.23 19:03:27 francesco kernel: [0.000000] ACPI: SSDT 0x00000000CAB5E158 000539 (v01 PmRef Cpu0Ist 00003000 INTL 20120711)
12.23 19:03:27 francesco mtp-probe: checking bus 1, device 4: "/sys/devices/pci0000:00/0000:00:14.0/usb1/1-11"
12.23 19:03:27 francesco kernel: [0.000000] ACPI: SSDT 0x00000000CAB5E698 000AD8 (v01 PmRef CpuPm 00003000 INTL 20120711)
12.23 19:03:27 francesco kernel: [0.000000] ACPI: SSDT 0x00000000CAB5F170 0002DE (v01 PmRef Cpu0Tst 00003000 INTL 20120711)
12.23 19:03:27 francesco kernel: [0.000000] ACPI: SSDT 0x00000000CAB5F450 000348 (v01 PmRef ApTst 00003000 INTL 20120711)
12.23 19:03:27 francesco kernel: [0.000000] ACPI: MCFG 0x00000000CAB5F798 00003C (v01 DELL CL09 01072009 MSFT 00000097)
12.23 19:03:27 francesco kernel: [0.000000] ACPI: SSDT 0x00000000CAB5F7D8 004F7F (v01 DptfTa DptfTabl 00001000 INTL 20120711)
12.23 19:03:27 francesco kernel: [0.000000] ACPI: HPET 0x00000000CAB64758 000038 (v01 DELL CL09 01072009 AMI. 00000005)
12.23 19:03:27 francesco kernel: [0.000000] ACPI: SSDT 0x00000000CAB64790 0003AA (v01 SataRe SataTabl 00001000 INTL 20120711)
12.23 19:03:27 francesco mtp-probe: bus: 1, device: 4 was not an MTP device
12.23 19:03:27 francesco kernel: [0.000000] ACPI: SSDT 0x00000000CAB64B40 002B6D (v01 SaSsdt SaSsdt 00003000 INTL 20091112)
12.23 19:03:27 francesco kernel: [0.000000] ACPI: SSDT 0x00000000CAB676B0 000D7C (v01 SgRef SgPeg 00001000 INTL 20120711)
12.23 19:03:27 francesco kernel: [0.000000] ACPI: MSDM 0x00000000CAB68430 000055 (v03 DELL CL09 01072009 AMI 00010013)
12.23 19:03:27 francesco kernel: [0.000000] ACPI: DMAR 0x00000000CAB68488 0000B8 (v01 INTEL HSW 00000001 INTL 00000001)
12.23 19:03:27 francesco kernel: [0.000000] ACPI: SSDT 0x00000000CAB68540 00123B (v01 OptRef OptTabl 00001000 INTL 20120711)
12.23 19:03:27 francesco mtp-probe: checking bus 1, device 2: "/sys/devices/pci0000:00/0000:00:14.0/usb1/1-6"
12.23 19:03:27 francesco kernel: [0.000000] ACPI: SSDT 0x00000000CAB69780 00035A (v01 Intel_ IsctTabl 00001000 INTL 20091112)
12.23 19:03:27 francesco mtp-probe: bus: 1, device: 2 was not an MTP device
12.23 19:03:27 francesco kernel: [0.000000] No NUMA configuration found
12.23 19:03:27 francesco kernel: [0.000000] Faking a node at [mem 0x0000000000000000-0x000000042fdfffff]
12.23 19:03:27 francesco kernel: [0.000000] NODE_DATA(0) allocated [mem 0x42fdfb000-0x42fdfffff]
